Component: ARM Compiler 5.06 update 6 (build 750) Tool: armlink [4d35ed]

==============================================================================

Section Cross References

    freedom.o(i.Q_Dequeue) refers to freedom.o(i.Q_Empty) for Q_Empty
    freedom.o(i.Q_Enqueue) refers to freedom.o(i.Q_Full) for Q_Full
    freedom.o(i.UART2_IRQHandler) refers to freedom.o(i.__NVIC_ClearPendingIRQ) for __NVIC_ClearPendingIRQ
    freedom.o(i.UART2_IRQHandler) refers to freedom.o(i.Q_Empty) for Q_Empty
    freedom.o(i.UART2_IRQHandler) refers to freedom.o(i.Q_Dequeue) for Q_Dequeue
    freedom.o(i.UART2_IRQHandler) refers to freedom.o(i.Q_Full) for Q_Full
    freedom.o(i.UART2_IRQHandler) refers to freedom.o(i.Q_Enqueue) for Q_Enqueue
    freedom.o(i.UART2_IRQHandler) refers to freedom.o(.bss) for tx_q
    freedom.o(i.decode_motor_control) refers to freedom.o(i.movement_master_control) for movement_master_control
    freedom.o(i.decode_packet) refers to freedom.o(i.set_LED_intensity) for set_LED_intensity
    freedom.o(i.initUART2) refers to uidiv.o(.text) for __aeabi_uidivmod
    freedom.o(i.initUART2) refers to freedom.o(i.__NVIC_SetPriority) for __NVIC_SetPriority
    freedom.o(i.initUART2) refers to freedom.o(i.__NVIC_ClearPendingIRQ) for __NVIC_ClearPendingIRQ
    freedom.o(i.initUART2) refers to freedom.o(i.Q_Init) for Q_Init
    freedom.o(i.initUART2) refers to freedom.o(.bss) for rx_q
    freedom.o(i.main) refers to system_mkl25z4.o(i.SystemCoreClockUpdate) for SystemCoreClockUpdate
    freedom.o(i.main) refers to freedom.o(i.initUART2) for initUART2
    freedom.o(i.main) refers to freedom.o(i.initMotorPWM) for initMotorPWM
    freedom.o(i.main) refers to freedom.o(i.LED_Init) for LED_Init
    freedom.o(i.main) refers to freedom.o(i.Q_Empty) for Q_Empty
    freedom.o(i.main) refers to freedom.o(i.Q_Dequeue) for Q_Dequeue
    freedom.o(i.main) refers to freedom.o(i.decode_packet) for decode_packet
    freedom.o(i.main) refers to freedom.o(.bss) for rx_q
    freedom.o(i.move_left) refers to dflti.o(.text) for __aeabi_i2d
    freedom.o(i.move_left) refers to log2.o(i.log2) for log2
    freedom.o(i.move_left) refers to ddiv.o(.text) for __aeabi_ddiv
    freedom.o(i.move_left) refers to dmul.o(.text) for __aeabi_dmul
    freedom.o(i.move_left) refers to d2f.o(.text) for __aeabi_d2f
    freedom.o(i.move_left) refers to fflti.o(.text) for __aeabi_i2f
    freedom.o(i.move_left) refers to fadd.o(.text) for __aeabi_fsub
    freedom.o(i.move_left) refers to ffixui.o(.text) for __aeabi_f2uiz
    freedom.o(i.move_right) refers to dflti.o(.text) for __aeabi_i2d
    freedom.o(i.move_right) refers to log2.o(i.log2) for log2
    freedom.o(i.move_right) refers to ddiv.o(.text) for __aeabi_ddiv
    freedom.o(i.move_right) refers to dmul.o(.text) for __aeabi_dmul
    freedom.o(i.move_right) refers to d2f.o(.text) for __aeabi_d2f
    freedom.o(i.move_right) refers to fflti.o(.text) for __aeabi_i2f
    freedom.o(i.move_right) refers to fadd.o(.text) for __aeabi_fsub
    freedom.o(i.move_right) refers to ffixui.o(.text) for __aeabi_f2uiz
    freedom.o(i.movement_master_control) refers to freedom.o(i.move_forward) for move_forward
    freedom.o(i.movement_master_control) refers to freedom.o(i.move_backward) for move_backward
    freedom.o(i.movement_master_control) refers to freedom.o(i.move_left_on_spot) for move_left_on_spot
    freedom.o(i.movement_master_control) refers to freedom.o(i.move_right_on_spot) for move_right_on_spot
    freedom.o(i.movement_master_control) refers to freedom.o(i.move_left) for move_left
    freedom.o(i.movement_master_control) refers to freedom.o(i.move_right) for move_right
    freedom.o(i.movement_master_control) refers to freedom.o(i.stop_movement) for stop_movement
    startup_mkl25z4.o(RESET) refers to startup_mkl25z4.o(STACK) for __initial_sp
    startup_mkl25z4.o(RESET) refers to startup_mkl25z4.o(.text) for Reset_Handler
    startup_mkl25z4.o(RESET) refers to freedom.o(i.UART2_IRQHandler) for UART2_IRQHandler
    startup_mkl25z4.o(.text) refers to system_mkl25z4.o(i.SystemInit) for SystemInit
    startup_mkl25z4.o(.text) refers to entry.o(.ARM.Collect$$$$00000000) for __main
    system_mkl25z4.o(i.SystemCoreClockUpdate) refers to uidiv.o(.text) for __aeabi_uidivmod
    system_mkl25z4.o(i.SystemCoreClockUpdate) refers to system_mkl25z4.o(i.__ARM_common_switch8) for __ARM_common_switch8
    system_mkl25z4.o(i.SystemCoreClockUpdate) refers to system_mkl25z4.o(.data) for SystemCoreClock
    log2.o(i.log2) refers (Special) to iusefp.o(.text) for __I$use$fp
    log2.o(i.log2) refers to cdcmple.o(.text) for __aeabi_cdcmpeq
    log2.o(i.log2) refers to dunder.o(i.__mathlib_dbl_infnan) for __mathlib_dbl_infnan
    log2.o(i.log2) refers to errno.o(i.__set_errno) for __set_errno
    log2.o(i.log2) refers to dunder.o(i.__mathlib_dbl_invalid) for __mathlib_dbl_invalid
    log2.o(i.log2) refers to frexp.o(i.frexp) for frexp
    log2.o(i.log2) refers to dscalb.o(.text) for __ARM_scalbn
    log2.o(i.log2) refers to log.o(i.log) for log
    log2.o(i.log2) refers to ddiv.o(.text) for __aeabi_ddiv
    log2.o(i.log2) refers to dflti.o(.text) for __aeabi_i2d
    log2.o(i.log2) refers to dadd.o(.text) for __aeabi_dadd
    log2_x.o(i.__log2$lsc) refers (Special) to iusefp.o(.text) for __I$use$fp
    log2_x.o(i.__log2$lsc) refers to cdcmple.o(.text) for __aeabi_cdcmpeq
    log2_x.o(i.__log2$lsc) refers to dunder.o(i.__mathlib_dbl_infnan) for __mathlib_dbl_infnan
    log2_x.o(i.__log2$lsc) refers to errno.o(i.__set_errno) for __set_errno
    log2_x.o(i.__log2$lsc) refers to frexp.o(i.frexp) for frexp
    log2_x.o(i.__log2$lsc) refers to dscalb.o(.text) for __ARM_scalbn
    log2_x.o(i.__log2$lsc) refers to log.o(i.log) for log
    log2_x.o(i.__log2$lsc) refers to ddiv.o(.text) for __aeabi_ddiv
    log2_x.o(i.__log2$lsc) refers to dflti.o(.text) for __aeabi_i2d
    log2_x.o(i.__log2$lsc) refers to dadd.o(.text) for __aeabi_dadd
    entry.o(.ARM.Collect$$$$00000000) refers (Special) to entry10a.o(.ARM.Collect$$$$0000000D) for __rt_final_cpp
    entry.o(.ARM.Collect$$$$00000000) refers (Special) to entry11a.o(.ARM.Collect$$$$0000000F) for __rt_final_exit
    entry.o(.ARM.Collect$$$$00000000) refers (Special) to entry7b.o(.ARM.Collect$$$$00000008) for _main_clock
    entry.o(.ARM.Collect$$$$00000000) refers (Special) to entry8b.o(.ARM.Collect$$$$0000000A) for _main_cpp_init
    entry.o(.ARM.Collect$$$$00000000) refers (Special) to entry9a.o(.ARM.Collect$$$$0000000B) for _main_init
    entry.o(.ARM.Collect$$$$00000000) refers (Special) to entry5.o(.ARM.Collect$$$$00000004) for _main_scatterload
    entry.o(.ARM.Collect$$$$00000000) refers (Special) to entry2.o(.ARM.Collect$$$$00000001) for _main_stk
    fadd.o(.text) refers (Special) to iusefp.o(.text) for __I$use$fp
    fadd.o(.text) refers to fepilogue.o(.text) for _float_epilogue
    dmul.o(.text) refers (Special) to iusefp.o(.text) for __I$use$fp
    dmul.o(.text) refers to depilogue.o(.text) for _double_epilogue
    ddiv.o(.text) refers (Special) to iusefp.o(.text) for __I$use$fp
    ddiv.o(.text) refers to depilogue.o(.text) for _double_round
    fflti.o(.text) refers (Special) to iusefp.o(.text) for __I$use$fp
    fflti.o(.text) refers to fepilogue.o(.text) for _float_epilogue
    dflti.o(.text) refers (Special) to iusefp.o(.text) for __I$use$fp
    dflti.o(.text) refers to depilogue.o(.text) for _double_epilogue
    ffixui.o(.text) refers (Special) to iusefp.o(.text) for __I$use$fp
    d2f.o(.text) refers (Special) to iusefp.o(.text) for __I$use$fp
    d2f.o(.text) refers to fepilogue.o(.text) for _float_round
    dunder.o(i.__mathlib_dbl_divzero) refers to ddiv.o(.text) for __aeabi_ddiv
    dunder.o(i.__mathlib_dbl_infnan) refers to dscalb.o(.text) for __ARM_scalbn
    dunder.o(i.__mathlib_dbl_infnan2) refers to dadd.o(.text) for __aeabi_dadd
    dunder.o(i.__mathlib_dbl_invalid) refers to ddiv.o(.text) for __aeabi_ddiv
    dunder.o(i.__mathlib_dbl_overflow) refers to dscalb.o(.text) for __ARM_scalbn
    dunder.o(i.__mathlib_dbl_posinfnan) refers to dmul.o(.text) for __aeabi_dmul
    dunder.o(i.__mathlib_dbl_underflow) refers to dscalb.o(.text) for __ARM_scalbn
    frexp.o(i.__softfp_frexp) refers (Special) to iusefp.o(.text) for __I$use$fp
    frexp.o(i.__softfp_frexp) refers to dscalb.o(.text) for __ARM_scalbn
    frexp.o(i.frexp) refers (Special) to iusefp.o(.text) for __I$use$fp
    frexp.o(i.frexp) refers to dscalb.o(.text) for __ARM_scalbn
    log.o(i.__softfp_log) refers (Special) to iusefp.o(.text) for __I$use$fp
    log.o(i.__softfp_log) refers to log.o(i.log) for log
    log.o(i.log) refers (Special) to iusefp.o(.text) for __I$use$fp
    log.o(i.log) refers to dunder.o(i.__mathlib_dbl_infnan) for __mathlib_dbl_infnan
    log.o(i.log) refers to errno.o(i.__set_errno) for __set_errno
    log.o(i.log) refers to dunder.o(i.__mathlib_dbl_invalid) for __mathlib_dbl_invalid
    log.o(i.log) refers to dunder.o(i.__mathlib_dbl_divzero) for __mathlib_dbl_divzero
    log.o(i.log) refers to dscalb.o(.text) for __ARM_scalbn
    log.o(i.log) refers to dadd.o(.text) for __aeabi_dsub
    log.o(i.log) refers to cdcmple.o(.text) for __aeabi_cdcmpeq
    log.o(i.log) refers to dflti.o(.text) for __aeabi_i2d
    log.o(i.log) refers to dmul.o(.text) for __aeabi_dmul
    log.o(i.log) refers to ddiv.o(.text) for __aeabi_ddiv
    log.o(i.log) refers to poly.o(i.__kernel_poly) for __kernel_poly
    log.o(i.log) refers to qnan.o(.constdata) for __mathlib_zero
    log.o(i.log) refers to log.o(.constdata) for .constdata
    log.o(.constdata) refers (Special) to iusefp.o(.text) for __I$use$fp
    log_x.o(i.____softfp_log$lsc) refers (Special) to iusefp.o(.text) for __I$use$fp
    log_x.o(i.____softfp_log$lsc) refers to log_x.o(i.__log$lsc) for __log$lsc
    log_x.o(i.__log$lsc) refers (Special) to iusefp.o(.text) for __I$use$fp
    log_x.o(i.__log$lsc) refers to dunder.o(i.__mathlib_dbl_infnan) for __mathlib_dbl_infnan
    log_x.o(i.__log$lsc) refers to errno.o(i.__set_errno) for __set_errno
    log_x.o(i.__log$lsc) refers to dscalb.o(.text) for __ARM_scalbn
    log_x.o(i.__log$lsc) refers to dadd.o(.text) for __aeabi_dsub
    log_x.o(i.__log$lsc) refers to cdcmple.o(.text) for __aeabi_cdcmpeq
    log_x.o(i.__log$lsc) refers to dflti.o(.text) for __aeabi_i2d
    log_x.o(i.__log$lsc) refers to dmul.o(.text) for __aeabi_dmul
    log_x.o(i.__log$lsc) refers to ddiv.o(.text) for __aeabi_ddiv
    log_x.o(i.__log$lsc) refers to poly.o(i.__kernel_poly) for __kernel_poly
    log_x.o(i.__log$lsc) refers to qnan.o(.constdata) for __mathlib_zero
    log_x.o(i.__log$lsc) refers to log_x.o(.constdata) for .constdata
    log_x.o(.constdata) refers (Special) to iusefp.o(.text) for __I$use$fp
    entry2.o(.ARM.Collect$$$$00000001) refers to entry2.o(.ARM.Collect$$$$00002712) for __lit__00000000
    entry2.o(.ARM.Collect$$$$00002712) refers to startup_mkl25z4.o(STACK) for __initial_sp
    entry2.o(__vectab_stack_and_reset_area) refers to startup_mkl25z4.o(STACK) for __initial_sp
    entry2.o(__vectab_stack_and_reset_area) refers to entry.o(.ARM.Collect$$$$00000000) for __main
    entry5.o(.ARM.Collect$$$$00000004) refers to init.o(.text) for __scatterload
    entry9a.o(.ARM.Collect$$$$0000000B) refers to freedom.o(i.main) for main
    entry9b.o(.ARM.Collect$$$$0000000C) refers to freedom.o(i.main) for main
    errno.o(i.__aeabi_errno_addr) refers to errno.o(.data) for .data
    errno.o(i.__read_errno) refers to errno.o(.data) for .data
    errno.o(i.__set_errno) refers to errno.o(.data) for .data
    depilogue.o(.text) refers to depilogue.o(i.__ARM_clz) for __ARM_clz
    depilogue.o(.text) refers to llshl.o(.text) for __aeabi_llsl
    depilogue.o(.text) refers to llushr.o(.text) for __aeabi_llsr
    dadd.o(.text) refers to llshl.o(.text) for __aeabi_llsl
    dadd.o(.text) refers to llsshr.o(.text) for __aeabi_lasr
    dadd.o(.text) refers to depilogue.o(.text) for _double_epilogue
    poly.o(i.__kernel_poly) refers (Special) to iusefp.o(.text) for __I$use$fp
    poly.o(i.__kernel_poly) refers to dmul.o(.text) for __aeabi_dmul
    poly.o(i.__kernel_poly) refers to dadd.o(.text) for __aeabi_dadd
    qnan.o(.constdata) refers (Special) to iusefp.o(.text) for __I$use$fp
    init.o(.text) refers to entry5.o(.ARM.Collect$$$$00000004) for __main_after_scatterload


==============================================================================

Removing Unused input sections from the image.

    Removing freedom.o(.rev16_text), (4 bytes).
    Removing freedom.o(.revsh_text), (4 bytes).
    Removing freedom.o(i.UART2_Receive_Poll), (24 bytes).
    Removing freedom.o(i.UART2_Transmit_Poll), (24 bytes).
    Removing freedom.o(i.decode_motor_control), (126 bytes).
    Removing freedom.o(i.delay), (20 bytes).
    Removing freedom.o(i.move_backward), (68 bytes).
    Removing freedom.o(i.move_forward), (68 bytes).
    Removing freedom.o(i.move_left), (216 bytes).
    Removing freedom.o(i.move_left_on_spot), (68 bytes).
    Removing freedom.o(i.move_right), (212 bytes).
    Removing freedom.o(i.move_right_on_spot), (68 bytes).
    Removing freedom.o(i.movement_master_control), (166 bytes).
    Removing freedom.o(i.stop_movement), (40 bytes).
    Removing freedom.o(.data), (1 bytes).
    Removing startup_mkl25z4.o(HEAP), (0 bytes).
    Removing system_mkl25z4.o(.rev16_text), (4 bytes).
    Removing system_mkl25z4.o(.revsh_text), (4 bytes).
    Removing fadd.o(.text), (178 bytes).
    Removing dmul.o(.text), (208 bytes).
    Removing ddiv.o(.text), (240 bytes).
    Removing fflti.o(.text), (22 bytes).
    Removing dflti.o(.text), (40 bytes).
    Removing ffixui.o(.text), (40 bytes).
    Removing d2f.o(.text), (56 bytes).
    Removing fepilogue.o(.text), (130 bytes).
    Removing depilogue.o(.text), (190 bytes).
    Removing dadd.o(.text), (356 bytes).
    Removing dscalb.o(.text), (44 bytes).
    Removing cdcmple.o(.text), (40 bytes).
    Removing depilogue.o(i.__ARM_clz), (46 bytes).

31 unused section(s) (total 2707 bytes) removed from the image.

==============================================================================

Image Symbol Table

    Local Symbols

    Symbol Name                              Value     Ov Type        Size  Object(Section)

    RESET                                    0x00000000   Section      192  startup_mkl25z4.o(RESET)
    ../clib/microlib/division.c              0x00000000   Number         0  uidiv.o ABSOLUTE
    ../clib/microlib/errno.c                 0x00000000   Number         0  errno.o ABSOLUTE
    ../clib/microlib/init/entry.s            0x00000000   Number         0  entry11a.o ABSOLUTE
    ../clib/microlib/init/entry.s            0x00000000   Number         0  entry11b.o ABSOLUTE
    ../clib/microlib/init/entry.s            0x00000000   Number         0  entry.o ABSOLUTE
    ../clib/microlib/init/entry.s            0x00000000   Number         0  entry10b.o ABSOLUTE
    ../clib/microlib/init/entry.s            0x00000000   Number         0  entry10a.o ABSOLUTE
    ../clib/microlib/init/entry.s            0x00000000   Number         0  entry9b.o ABSOLUTE
    ../clib/microlib/init/entry.s            0x00000000   Number         0  entry9a.o ABSOLUTE
    ../clib/microlib/init/entry.s            0x00000000   Number         0  entry8b.o ABSOLUTE
    ../clib/microlib/init/entry.s            0x00000000   Number         0  entry8a.o ABSOLUTE
    ../clib/microlib/init/entry.s            0x00000000   Number         0  entry2.o ABSOLUTE
    ../clib/microlib/init/entry.s            0x00000000   Number         0  entry7b.o ABSOLUTE
    ../clib/microlib/init/entry.s            0x00000000   Number         0  entry7a.o ABSOLUTE
    ../clib/microlib/init/entry.s            0x00000000   Number         0  entry5.o ABSOLUTE
    ../clib/microlib/longlong.c              0x00000000   Number         0  llshl.o ABSOLUTE
    ../clib/microlib/longlong.c              0x00000000   Number         0  llushr.o ABSOLUTE
    ../clib/microlib/longlong.c              0x00000000   Number         0  llsshr.o ABSOLUTE
    ../clib/microlib/stubs.s                 0x00000000   Number         0  iusefp.o ABSOLUTE
    ../fplib/microlib/d2f.c                  0x00000000   Number         0  d2f.o ABSOLUTE
    ../fplib/microlib/fpadd.c                0x00000000   Number         0  fadd.o ABSOLUTE
    ../fplib/microlib/fpadd.c                0x00000000   Number         0  dadd.o ABSOLUTE
    ../fplib/microlib/fpdiv.c                0x00000000   Number         0  ddiv.o ABSOLUTE
    ../fplib/microlib/fpepilogue.c           0x00000000   Number         0  depilogue.o ABSOLUTE
    ../fplib/microlib/fpepilogue.c           0x00000000   Number         0  fepilogue.o ABSOLUTE
    ../fplib/microlib/fpfix.c                0x00000000   Number         0  ffixui.o ABSOLUTE
    ../fplib/microlib/fpflt.c                0x00000000   Number         0  fflti.o ABSOLUTE
    ../fplib/microlib/fpflt.c                0x00000000   Number         0  dflti.o ABSOLUTE
    ../fplib/microlib/fpmul.c                0x00000000   Number         0  dmul.o ABSOLUTE
    ../fplib/microlib/fpscalb.c              0x00000000   Number         0  dscalb.o ABSOLUTE
    ../mathlib/dunder.c                      0x00000000   Number         0  dunder.o ABSOLUTE
    ../mathlib/frexp.c                       0x00000000   Number         0  frexp.o ABSOLUTE
    ../mathlib/log.c                         0x00000000   Number         0  log_x.o ABSOLUTE
    ../mathlib/log.c                         0x00000000   Number         0  log.o ABSOLUTE
    ../mathlib/log2.c                        0x00000000   Number         0  log2_x.o ABSOLUTE
    ../mathlib/log2.c                        0x00000000   Number         0  log2.o ABSOLUTE
    ../mathlib/poly.c                        0x00000000   Number         0  poly.o ABSOLUTE
    ../mathlib/qnan.c                        0x00000000   Number         0  qnan.o ABSOLUTE
    RTE\Device\MKL25Z128xxx4\startup_MKL25Z4.s 0x00000000   Number         0  startup_mkl25z4.o ABSOLUTE
    RTE\Device\MKL25Z128xxx4\system_MKL25Z4.c 0x00000000   Number         0  system_mkl25z4.o ABSOLUTE
    RTE\\Device\\MKL25Z128xxx4\\system_MKL25Z4.c 0x00000000   Number         0  system_mkl25z4.o ABSOLUTE
    cdcmple.s                                0x00000000   Number         0  cdcmple.o ABSOLUTE
    dc.s                                     0x00000000   Number         0  dc.o ABSOLUTE
    freedom.c                                0x00000000   Number         0  freedom.o ABSOLUTE
    freedom.c                                0x00000000   Number         0  freedom.o ABSOLUTE
    handlers.s                               0x00000000   Number         0  handlers.o ABSOLUTE
    init.s                                   0x00000000   Number         0  init.o ABSOLUTE
    .ARM.Collect$$$$00000000                 0x000000c0   Section        0  entry.o(.ARM.Collect$$$$00000000)
    .ARM.Collect$$$$00000001                 0x000000c0   Section        4  entry2.o(.ARM.Collect$$$$00000001)
    .ARM.Collect$$$$00000004                 0x000000c4   Section        4  entry5.o(.ARM.Collect$$$$00000004)
    .ARM.Collect$$$$00000008                 0x000000c8   Section        0  entry7b.o(.ARM.Collect$$$$00000008)
    .ARM.Collect$$$$0000000A                 0x000000c8   Section        0  entry8b.o(.ARM.Collect$$$$0000000A)
    .ARM.Collect$$$$0000000B                 0x000000c8   Section        8  entry9a.o(.ARM.Collect$$$$0000000B)
    .ARM.Collect$$$$0000000D                 0x000000d0   Section        0  entry10a.o(.ARM.Collect$$$$0000000D)
    .ARM.Collect$$$$0000000F                 0x000000d0   Section        0  entry11a.o(.ARM.Collect$$$$0000000F)
    .ARM.Collect$$$$00002712                 0x000000d0   Section        4  entry2.o(.ARM.Collect$$$$00002712)
    __lit__00000000                          0x000000d0   Data           4  entry2.o(.ARM.Collect$$$$00002712)
    .text                                    0x000000d4   Section       40  startup_mkl25z4.o(.text)
    .text                                    0x000000fc   Section        0  uidiv.o(.text)
    .text                                    0x00000128   Section       36  init.o(.text)
    i.LED_Init                               0x0000014c   Section        0  freedom.o(i.LED_Init)
    i.Q_Dequeue                              0x000001a8   Section        0  freedom.o(i.Q_Dequeue)
    i.Q_Empty                                0x000001ea   Section        0  freedom.o(i.Q_Empty)
    i.Q_Enqueue                              0x000001fc   Section        0  freedom.o(i.Q_Enqueue)
    i.Q_Full                                 0x00000238   Section        0  freedom.o(i.Q_Full)
    i.Q_Init                                 0x0000024a   Section        0  freedom.o(i.Q_Init)
    i.SystemCoreClockUpdate                  0x00000268   Section        0  system_mkl25z4.o(i.SystemCoreClockUpdate)
    i.__scatterload_null                     0x000003f8   Section        2  handlers.o(i.__scatterload_null)
    .ARM.__at_0x400                          0x00000400   Section       16  startup_mkl25z4.o(.ARM.__at_0x400)
    i.SystemInit                             0x00000410   Section        0  system_mkl25z4.o(i.SystemInit)
    i.UART2_IRQHandler                       0x00000548   Section        0  freedom.o(i.UART2_IRQHandler)
    i.__ARM_common_switch8                   0x000005b8   Section        0  system_mkl25z4.o(i.__ARM_common_switch8)
    i.__NVIC_ClearPendingIRQ                 0x000005d4   Section        0  freedom.o(i.__NVIC_ClearPendingIRQ)
    __NVIC_ClearPendingIRQ                   0x000005d5   Thumb Code    18  freedom.o(i.__NVIC_ClearPendingIRQ)
    i.__NVIC_SetPriority                     0x000005ec   Section        0  freedom.o(i.__NVIC_SetPriority)
    __NVIC_SetPriority                       0x000005ed   Thumb Code   110  freedom.o(i.__NVIC_SetPriority)
    i.__scatterload_copy                     0x00000664   Section       14  handlers.o(i.__scatterload_copy)
    i.__scatterload_zeroinit                 0x00000672   Section       14  handlers.o(i.__scatterload_zeroinit)
    i.decode_packet                          0x00000680   Section        0  freedom.o(i.decode_packet)
    i.initMotorPWM                           0x000006cc   Section        0  freedom.o(i.initMotorPWM)
    i.initUART2                              0x00000970   Section        0  freedom.o(i.initUART2)
    i.main                                   0x00000a38   Section        0  freedom.o(i.main)
    i.set_LED_intensity                      0x00000a74   Section        0  freedom.o(i.set_LED_intensity)
    .data                                    0x1ffff000   Section        4  system_mkl25z4.o(.data)
    .bss                                     0x1ffff004   Section      280  freedom.o(.bss)
    STACK                                    0x1ffff120   Section      256  startup_mkl25z4.o(STACK)

    Global Symbols

    Symbol Name                              Value     Ov Type        Size  Object(Section)

    BuildAttributes$$THM_ISAv3M$S$PE$A:L22$X:L11$S22$IEEE1$IW$USESV6$~STKCKD$USESV7$~SHL$OTIME$ROPI$IEEEX$EBA8$MICROLIB$REQ8$PRES8$EABIv2 0x00000000   Number         0  anon$$obj.o ABSOLUTE
    __ARM_use_no_argv                        0x00000000   Number         0  freedom.o ABSOLUTE
    __Vectors                                0x00000000   Data           4  startup_mkl25z4.o(RESET)
    __cpp_initialize__aeabi_                  - Undefined Weak Reference
    __cxa_finalize                            - Undefined Weak Reference
    __decompress                              - Undefined Weak Reference
    _clock_init                               - Undefined Weak Reference
    _microlib_exit                            - Undefined Weak Reference
    __Vectors_End                            0x000000c0   Data           0  startup_mkl25z4.o(RESET)
    __Vectors_Size                           0x000000c0   Number         0  startup_mkl25z4.o ABSOLUTE
    __main                                   0x000000c1   Thumb Code     0  entry.o(.ARM.Collect$$$$00000000)
    _main_stk                                0x000000c1   Thumb Code     0  entry2.o(.ARM.Collect$$$$00000001)
    _main_scatterload                        0x000000c5   Thumb Code     0  entry5.o(.ARM.Collect$$$$00000004)
    __main_after_scatterload                 0x000000c9   Thumb Code     0  entry5.o(.ARM.Collect$$$$00000004)
    _main_clock                              0x000000c9   Thumb Code     0  entry7b.o(.ARM.Collect$$$$00000008)
    _main_cpp_init                           0x000000c9   Thumb Code     0  entry8b.o(.ARM.Collect$$$$0000000A)
    _main_init                               0x000000c9   Thumb Code     0  entry9a.o(.ARM.Collect$$$$0000000B)
    __rt_final_cpp                           0x000000d1   Thumb Code     0  entry10a.o(.ARM.Collect$$$$0000000D)
    __rt_final_exit                          0x000000d1   Thumb Code     0  entry11a.o(.ARM.Collect$$$$0000000F)
    Reset_Handler                            0x000000d5   Thumb Code    12  startup_mkl25z4.o(.text)
    NMI_Handler                              0x000000e1   Thumb Code     2  startup_mkl25z4.o(.text)
    HardFault_Handler                        0x000000e3   Thumb Code     2  startup_mkl25z4.o(.text)
    SVC_Handler                              0x000000e5   Thumb Code     2  startup_mkl25z4.o(.text)
    PendSV_Handler                           0x000000e7   Thumb Code     2  startup_mkl25z4.o(.text)
    SysTick_Handler                          0x000000e9   Thumb Code     2  startup_mkl25z4.o(.text)
    ADC0_IRQHandler                          0x000000eb   Thumb Code     0  startup_mkl25z4.o(.text)
    CMP0_IRQHandler                          0x000000eb   Thumb Code     0  startup_mkl25z4.o(.text)
    DAC0_IRQHandler                          0x000000eb   Thumb Code     0  startup_mkl25z4.o(.text)
    DMA0_IRQHandler                          0x000000eb   Thumb Code     0  startup_mkl25z4.o(.text)
    DMA1_IRQHandler                          0x000000eb   Thumb Code     0  startup_mkl25z4.o(.text)
    DMA2_IRQHandler                          0x000000eb   Thumb Code     0  startup_mkl25z4.o(.text)
    DMA3_IRQHandler                          0x000000eb   Thumb Code     0  startup_mkl25z4.o(.text)
    DefaultISR                               0x000000eb   Thumb Code     0  startup_mkl25z4.o(.text)
    FTFA_IRQHandler                          0x000000eb   Thumb Code     0  startup_mkl25z4.o(.text)
    I2C0_IRQHandler                          0x000000eb   Thumb Code     0  startup_mkl25z4.o(.text)
    I2C1_IRQHandler                          0x000000eb   Thumb Code     0  startup_mkl25z4.o(.text)
    LLWU_IRQHandler                          0x000000eb   Thumb Code     0  startup_mkl25z4.o(.text)
    LPTMR0_IRQHandler                        0x000000eb   Thumb Code     0  startup_mkl25z4.o(.text)
    LVD_LVW_IRQHandler                       0x000000eb   Thumb Code     0  startup_mkl25z4.o(.text)
    MCG_IRQHandler                           0x000000eb   Thumb Code     0  startup_mkl25z4.o(.text)
    PIT_IRQHandler                           0x000000eb   Thumb Code     0  startup_mkl25z4.o(.text)
    PORTA_IRQHandler                         0x000000eb   Thumb Code     0  startup_mkl25z4.o(.text)
    PORTD_IRQHandler                         0x000000eb   Thumb Code     0  startup_mkl25z4.o(.text)
    RTC_IRQHandler                           0x000000eb   Thumb Code     0  startup_mkl25z4.o(.text)
    RTC_Seconds_IRQHandler                   0x000000eb   Thumb Code     0  startup_mkl25z4.o(.text)
    Reserved20_IRQHandler                    0x000000eb   Thumb Code     0  startup_mkl25z4.o(.text)
    Reserved39_IRQHandler                    0x000000eb   Thumb Code     0  startup_mkl25z4.o(.text)
    Reserved45_IRQHandler                    0x000000eb   Thumb Code     0  startup_mkl25z4.o(.text)
    SPI0_IRQHandler                          0x000000eb   Thumb Code     0  startup_mkl25z4.o(.text)
    SPI1_IRQHandler                          0x000000eb   Thumb Code     0  startup_mkl25z4.o(.text)
    TPM0_IRQHandler                          0x000000eb   Thumb Code     0  startup_mkl25z4.o(.text)
    TPM1_IRQHandler                          0x000000eb   Thumb Code     0  startup_mkl25z4.o(.text)
    TPM2_IRQHandler                          0x000000eb   Thumb Code     0  startup_mkl25z4.o(.text)
    TSI0_IRQHandler                          0x000000eb   Thumb Code     0  startup_mkl25z4.o(.text)
    UART0_IRQHandler                         0x000000eb   Thumb Code     0  startup_mkl25z4.o(.text)
    UART1_IRQHandler                         0x000000eb   Thumb Code     0  startup_mkl25z4.o(.text)
    USB0_IRQHandler                          0x000000eb   Thumb Code     0  startup_mkl25z4.o(.text)
    __aeabi_uidiv                            0x000000fd   Thumb Code     0  uidiv.o(.text)
    __aeabi_uidivmod                         0x000000fd   Thumb Code    44  uidiv.o(.text)
    __scatterload                            0x00000129   Thumb Code    28  init.o(.text)
    __scatterload_rt2                        0x00000129   Thumb Code     0  init.o(.text)
    LED_Init                                 0x0000014d   Thumb Code    74  freedom.o(i.LED_Init)
    Q_Dequeue                                0x000001a9   Thumb Code    66  freedom.o(i.Q_Dequeue)
    Q_Empty                                  0x000001eb   Thumb Code    18  freedom.o(i.Q_Empty)
    Q_Enqueue                                0x000001fd   Thumb Code    60  freedom.o(i.Q_Enqueue)
    Q_Full                                   0x00000239   Thumb Code    18  freedom.o(i.Q_Full)
    Q_Init                                   0x0000024b   Thumb Code    30  freedom.o(i.Q_Init)
    SystemCoreClockUpdate                    0x00000269   Thumb Code   372  system_mkl25z4.o(i.SystemCoreClockUpdate)
    __scatterload_null                       0x000003f9   Thumb Code     2  handlers.o(i.__scatterload_null)
    SystemInit                               0x00000411   Thumb Code   266  system_mkl25z4.o(i.SystemInit)
    UART2_IRQHandler                         0x00000549   Thumb Code    98  freedom.o(i.UART2_IRQHandler)
    __ARM_common_switch8                     0x000005b9   Thumb Code    28  system_mkl25z4.o(i.__ARM_common_switch8)
    __scatterload_copy                       0x00000665   Thumb Code    14  handlers.o(i.__scatterload_copy)
    __scatterload_zeroinit                   0x00000673   Thumb Code    14  handlers.o(i.__scatterload_zeroinit)
    decode_packet                            0x00000681   Thumb Code    74  freedom.o(i.decode_packet)
    initMotorPWM                             0x000006cd   Thumb Code   644  freedom.o(i.initMotorPWM)
    initUART2                                0x00000971   Thumb Code   174  freedom.o(i.initUART2)
    main                                     0x00000a39   Thumb Code    54  freedom.o(i.main)
    set_LED_intensity                        0x00000a75   Thumb Code    70  freedom.o(i.set_LED_intensity)
    Region$$Table$$Base                      0x00000ac0   Number         0  anon$$obj.o(Region$$Table)
    Region$$Table$$Limit                     0x00000ae0   Number         0  anon$$obj.o(Region$$Table)
    SystemCoreClock                          0x1ffff000   Data           4  system_mkl25z4.o(.data)
    tx_q                                     0x1ffff004   Data         140  freedom.o(.bss)
    rx_q                                     0x1ffff090   Data         140  freedom.o(.bss)
    __initial_sp                             0x1ffff220   Data           0  startup_mkl25z4.o(STACK)



==============================================================================

Memory Map of the image

  Image Entry point : 0x000000d5

  Load Region LR_1 (Base: 0x00000000, Size: 0x00000ae4, Max: 0xffffffff, ABSOLUTE)

    Execution Region ER_RO (Exec base: 0x00000000, Load base: 0x00000000, Size: 0x00000ae0, Max: 0xffffffff, ABSOLUTE)

    Exec Addr    Load Addr    Size         Type   Attr      Idx    E Section Name        Object

    0x00000000   0x00000000   0x000000c0   Data   RO          203    RESET               startup_mkl25z4.o
    0x000000c0   0x000000c0   0x00000000   Code   RO          255  * .ARM.Collect$$$$00000000  mc_p.l(entry.o)
    0x000000c0   0x000000c0   0x00000004   Code   RO          302    .ARM.Collect$$$$00000001  mc_p.l(entry2.o)
    0x000000c4   0x000000c4   0x00000004   Code   RO          305    .ARM.Collect$$$$00000004  mc_p.l(entry5.o)
    0x000000c8   0x000000c8   0x00000000   Code   RO          307    .ARM.Collect$$$$00000008  mc_p.l(entry7b.o)
    0x000000c8   0x000000c8   0x00000000   Code   RO          309    .ARM.Collect$$$$0000000A  mc_p.l(entry8b.o)
    0x000000c8   0x000000c8   0x00000008   Code   RO          310    .ARM.Collect$$$$0000000B  mc_p.l(entry9a.o)
    0x000000d0   0x000000d0   0x00000000   Code   RO          312    .ARM.Collect$$$$0000000D  mc_p.l(entry10a.o)
    0x000000d0   0x000000d0   0x00000000   Code   RO          314    .ARM.Collect$$$$0000000F  mc_p.l(entry11a.o)
    0x000000d0   0x000000d0   0x00000004   Code   RO          303    .ARM.Collect$$$$00002712  mc_p.l(entry2.o)
    0x000000d4   0x000000d4   0x00000028   Code   RO          205  * .text               startup_mkl25z4.o
    0x000000fc   0x000000fc   0x0000002c   Code   RO          258    .text               mc_p.l(uidiv.o)
    0x00000128   0x00000128   0x00000024   Code   RO          339    .text               mc_p.l(init.o)
    0x0000014c   0x0000014c   0x0000005c   Code   RO            3    i.LED_Init          freedom.o
    0x000001a8   0x000001a8   0x00000042   Code   RO            4    i.Q_Dequeue         freedom.o
    0x000001ea   0x000001ea   0x00000012   Code   RO            5    i.Q_Empty           freedom.o
    0x000001fc   0x000001fc   0x0000003c   Code   RO            6    i.Q_Enqueue         freedom.o
    0x00000238   0x00000238   0x00000012   Code   RO            7    i.Q_Full            freedom.o
    0x0000024a   0x0000024a   0x0000001e   Code   RO            8    i.Q_Init            freedom.o
    0x00000268   0x00000268   0x00000190   Code   RO          213    i.SystemCoreClockUpdate  system_mkl25z4.o
    0x000003f8   0x000003f8   0x00000002   Code   RO          350    i.__scatterload_null  mc_p.l(handlers.o)
    0x000003fa   0x000003fa   0x00000006   PAD
    0x00000400   0x00000400   0x00000010   Code   RO          204    .ARM.__at_0x400     startup_mkl25z4.o
    0x00000410   0x00000410   0x00000138   Code   RO          214    i.SystemInit        system_mkl25z4.o
    0x00000548   0x00000548   0x00000070   Code   RO            9    i.UART2_IRQHandler  freedom.o
    0x000005b8   0x000005b8   0x0000001c   Code   RO          237    i.__ARM_common_switch8  system_mkl25z4.o
    0x000005d4   0x000005d4   0x00000018   Code   RO           12    i.__NVIC_ClearPendingIRQ  freedom.o
    0x000005ec   0x000005ec   0x00000078   Code   RO           13    i.__NVIC_SetPriority  freedom.o
    0x00000664   0x00000664   0x0000000e   Code   RO          349    i.__scatterload_copy  mc_p.l(handlers.o)
    0x00000672   0x00000672   0x0000000e   Code   RO          351    i.__scatterload_zeroinit  mc_p.l(handlers.o)
    0x00000680   0x00000680   0x0000004a   Code   RO           15    i.decode_packet     freedom.o
    0x000006ca   0x000006ca   0x00000002   PAD
    0x000006cc   0x000006cc   0x000002a4   Code   RO           17    i.initMotorPWM      freedom.o
    0x00000970   0x00000970   0x000000c8   Code   RO           18    i.initUART2         freedom.o
    0x00000a38   0x00000a38   0x0000003c   Code   RO           19    i.main              freedom.o
    0x00000a74   0x00000a74   0x0000004c   Code   RO           27    i.set_LED_intensity  freedom.o
    0x00000ac0   0x00000ac0   0x00000020   Data   RO          347    Region$$Table       anon$$obj.o


    Execution Region ER_RW (Exec base: 0x1ffff000, Load base: 0x00000ae0, Size: 0x00000004, Max: 0xffffffff, ABSOLUTE)

    Exec Addr    Load Addr    Size         Type   Attr      Idx    E Section Name        Object

    0x1ffff000   0x00000ae0   0x00000004   Data   RW          215    .data               system_mkl25z4.o


    Execution Region ER_ZI (Exec base: 0x1ffff004, Load base: 0x00000ae4, Size: 0x0000021c, Max: 0xffffffff, ABSOLUTE)

    Exec Addr    Load Addr    Size         Type   Attr      Idx    E Section Name        Object

    0x1ffff004        -       0x00000118   Zero   RW           29    .bss                freedom.o
    0x1ffff11c   0x00000ae4   0x00000004   PAD
    0x1ffff120        -       0x00000100   Zero   RW          201    STACK               startup_mkl25z4.o


==============================================================================

Image component sizes


      Code (inc. data)   RO Data    RW Data    ZI Data      Debug   Object Name

      1626        118          0          0        280     233060   freedom.o
        56         30        192          0        256        872   startup_mkl25z4.o
       740         84          0          4          0       1739   system_mkl25z4.o

    ----------------------------------------------------------------------
      2424        232        224          4        540     235671   Object Totals
         0          0         32          0          0          0   (incl. Generated)
         2          0          0          0          4          0   (incl. Padding)

    ----------------------------------------------------------------------

      Code (inc. data)   RO Data    RW Data    ZI Data      Debug   Library Member Name

         0          0          0          0          0          0   entry.o
         0          0          0          0          0          0   entry10a.o
         0          0          0          0          0          0   entry11a.o
         8          4          0          0          0          0   entry2.o
         4          0          0          0          0          0   entry5.o
         0          0          0          0          0          0   entry7b.o
         0          0          0          0          0          0   entry8b.o
         8          4          0          0          0          0   entry9a.o
        30          0          0          0          0          0   handlers.o
        36          8          0          0          0         68   init.o
        44          0          0          0          0         72   uidiv.o

    ----------------------------------------------------------------------
       136         16          0          0          0        140   Library Totals
         6          0          0          0          0          0   (incl. Padding)

    ----------------------------------------------------------------------

      Code (inc. data)   RO Data    RW Data    ZI Data      Debug   Library Name

       130         16          0          0          0        140   mc_p.l

    ----------------------------------------------------------------------
       136         16          0          0          0        140   Library Totals

    ----------------------------------------------------------------------

==============================================================================


      Code (inc. data)   RO Data    RW Data    ZI Data      Debug   

      2560        248        224          4        540     235303   Grand Totals
      2560        248        224          4        540     235303   ELF Image Totals
      2560        248        224          4          0          0   ROM Totals

==============================================================================

    Total RO  Size (Code + RO Data)                 2784 (   2.72kB)
    Total RW  Size (RW Data + ZI Data)               544 (   0.53kB)
    Total ROM Size (Code + RO Data + RW Data)       2788 (   2.72kB)

==============================================================================

