Component: ARM Compiler 5.06 update 6 (build 750) Tool: armlink [4d35ed]

==============================================================================

Section Cross References

    main.o(i.main) refers to system_mkl25z4.o(i.SystemCoreClockUpdate) for SystemCoreClockUpdate
    main.o(i.main) refers to led.o(i.initLED) for initLED
    main.o(i.main) refers to motor.o(i.initMotorPWM) for initMotorPWM
    main.o(i.main) refers to uart.o(i.initUART2) for initUART2
    main.o(i.main) refers to buzzer.o(i.initBuzzerPWM) for initBuzzerPWM
    main.o(i.main) refers to rtx_kernel.o(.text.osKernelInitialize) for osKernelInitialize
    main.o(i.main) refers to rtx_msgqueue.o(.text.osMessageQueueNew) for osMessageQueueNew
    main.o(i.main) refers to rtx_thread.o(.text.osThreadNew) for osThreadNew
    main.o(i.main) refers to rtx_kernel.o(.text.osKernelStart) for osKernelStart
    main.o(i.main) refers to main.o(.data) for red_led_message_queue
    main.o(i.main) refers to main.o(i.tUART) for tUART
    main.o(i.main) refers to main.o(i.tMotor) for tMotor
    main.o(i.main) refers to main.o(i.tBrain) for tBrain
    main.o(i.main) refers to led.o(i.green_led_thread) for green_led_thread
    main.o(i.main) refers to led.o(i.red_led_thread) for red_led_thread
    main.o(i.main) refers to buzzer.o(i.tAudio) for tAudio
    main.o(i.tBrain) refers to rtx_msgqueue.o(.text.osMessageQueuePut) for osMessageQueuePut
    main.o(i.tBrain) refers to main.o(.data) for isRunning
    main.o(i.tMotor) refers to rtx_msgqueue.o(.text.osMessageQueueGet) for osMessageQueueGet
    main.o(i.tMotor) refers to motor.o(i.movement_master_control) for movement_master_control
    main.o(i.tMotor) refers to main.o(.data) for motorCommandQueue
    main.o(i.tUART) refers to rtx_semaphore.o(.text.osSemaphoreAcquire) for osSemaphoreAcquire
    main.o(i.tUART) refers to uart.o(i.Q_Dequeue) for Q_Dequeue
    main.o(i.tUART) refers to motor.o(i.decode_motor_control) for decode_motor_control
    main.o(i.tUART) refers to rtx_thread.o(.text.osThreadFlagsSet) for osThreadFlagsSet
    main.o(i.tUART) refers to rtx_msgqueue.o(.text.osMessageQueuePut) for osMessageQueuePut
    main.o(i.tUART) refers to uart.o(i.Q_Empty) for Q_Empty
    main.o(i.tUART) refers to uart.o(.data) for sem_uartRx
    main.o(i.tUART) refers to main.o(.data) for endRun
    main.o(i.tUART) refers to uart.o(.bss) for rx_q
    led.o(i.control_thread) refers to rtx_msgqueue.o(.text.osMessageQueuePut) for osMessageQueuePut
    led.o(i.control_thread) refers to main.o(.data) for red_led_message_queue
    led.o(i.green_led_thread) refers to rtx_msgqueue.o(.text.osMessageQueueGet) for osMessageQueueGet
    led.o(i.green_led_thread) refers to memcpya.o(.text) for __aeabi_memcpy4
    led.o(i.green_led_thread) refers to rtx_delay.o(.text.osDelay) for osDelay
    led.o(i.green_led_thread) refers to main.o(.data) for green_led_message_queue
    led.o(i.green_led_thread) refers to led.o(.constdata) for .constdata
    led.o(i.initLED) refers to memcpya.o(.text) for __aeabi_memcpy4
    led.o(i.initLED) refers to led.o(.constdata) for .constdata
    led.o(i.red_led_thread) refers to rtx_msgqueue.o(.text.osMessageQueueGet) for osMessageQueueGet
    led.o(i.red_led_thread) refers to rtx_delay.o(.text.osDelay) for osDelay
    led.o(i.red_led_thread) refers to main.o(.data) for red_led_message_queue
    buzzer.o(i.frequency_to_MOD) refers to dflti.o(.text) for __aeabi_i2d
    buzzer.o(i.frequency_to_MOD) refers to dmul.o(.text) for __aeabi_dmul
    buzzer.o(i.frequency_to_MOD) refers to ddiv.o(.text) for __aeabi_ddiv
    buzzer.o(i.frequency_to_MOD) refers to dadd.o(.text) for __aeabi_dsub
    buzzer.o(i.frequency_to_MOD) refers to dfixi.o(.text) for __aeabi_d2iz
    buzzer.o(i.play_note) refers to buzzer.o(i.__ARM_common_switch8) for __ARM_common_switch8
    buzzer.o(i.play_note) refers to buzzer.o(i.frequency_to_MOD) for frequency_to_MOD
    buzzer.o(i.play_note) refers to dflti.o(.text) for __aeabi_i2d
    buzzer.o(i.play_note) refers to dmul.o(.text) for __aeabi_dmul
    buzzer.o(i.play_note) refers to dfixui.o(.text) for __aeabi_d2uiz
    buzzer.o(i.play_note) refers to rtx_delay.o(.text.osDelay) for osDelay
    buzzer.o(i.play_tune) refers to buzzer.o(i.play_note) for play_note
    buzzer.o(i.tAudio) refers to rtx_thread.o(.text.osThreadFlagsWait) for osThreadFlagsWait
    buzzer.o(i.tAudio) refers to buzzer.o(i.play_tune) for play_tune
    buzzer.o(i.tAudio) refers to rtx_delay.o(.text.osDelay) for osDelay
    buzzer.o(i.tAudio) refers to buzzer.o(.constdata) for melody
    uart.o(i.Q_Dequeue) refers to uart.o(i.Q_Empty) for Q_Empty
    uart.o(i.Q_Enqueue) refers to uart.o(i.Q_Full) for Q_Full
    uart.o(i.UART2_IRQHandler) refers to uart.o(i.__NVIC_ClearPendingIRQ) for __NVIC_ClearPendingIRQ
    uart.o(i.UART2_IRQHandler) refers to uart.o(i.Q_Full) for Q_Full
    uart.o(i.UART2_IRQHandler) refers to uart.o(i.Q_Enqueue) for Q_Enqueue
[...]
    Removing rtx_semaphore.o(.ARM.exidx.text.osSemaphoreRelease), (8 bytes).
    Removing rtx_semaphore.o(.text.osSemaphoreGetCount), (48 bytes).
    Removing rtx_semaphore.o(.ARM.exidx.text.osSemaphoreGetCount), (8 bytes).
    Removing rtx_semaphore.o(.text.svcRtxSemaphoreGetCount), (18 bytes).
    Removing rtx_semaphore.o(.ARM.exidx.text.svcRtxSemaphoreGetCount), (8 bytes).
    Removing rtx_semaphore.o(.text.osSemaphoreDelete), (40 bytes).
    Removing rtx_semaphore.o(.ARM.exidx.text.osSemaphoreDelete), (8 bytes).
    Removing rtx_semaphore.o(.ARM.exidx.text.svcRtxSemaphoreNew), (8 bytes).
    Removing rtx_semaphore.o(.ARM.exidx.text.osRtxSemaphorePostProcess), (8 bytes).
    Removing rtx_semaphore.o(.ARM.exidx.text.SemaphoreTokenDecrement), (8 bytes).
    Removing rtx_semaphore.o(.text.svcRtxSemaphoreGetName), (18 bytes).
    Removing rtx_semaphore.o(.ARM.exidx.text.svcRtxSemaphoreGetName), (8 bytes).
    Removing rtx_semaphore.o(.ARM.exidx.text.svcRtxSemaphoreAcquire), (8 bytes).
    Removing rtx_semaphore.o(.ARM.exidx.text.SemaphoreTokenIncrement), (8 bytes).
    Removing rtx_semaphore.o(.ARM.exidx.text.svcRtxSemaphoreRelease), (8 bytes).
    Removing rtx_semaphore.o(.text.svcRtxSemaphoreDelete), (96 bytes).
    Removing rtx_semaphore.o(.ARM.exidx.text.svcRtxSemaphoreDelete), (8 bytes).
    Removing rtx_msgqueue.o(.text), (0 bytes).
    Removing rtx_msgqueue.o(.ARM.exidx.text.osMessageQueueNew), (8 bytes).
    Removing rtx_msgqueue.o(.text.osMessageQueueGetName), (36 bytes).
    Removing rtx_msgqueue.o(.ARM.exidx.text.osMessageQueueGetName), (8 bytes).
    Removing rtx_msgqueue.o(.ARM.exidx.text.osMessageQueuePut), (8 bytes).
    Removing rtx_msgqueue.o(.ARM.exidx.text.osMessageQueueGet), (8 bytes).
    Removing rtx_msgqueue.o(.text.osMessageQueueGetCapacity), (48 bytes).
    Removing rtx_msgqueue.o(.ARM.exidx.text.osMessageQueueGetCapacity), (8 bytes).
    Removing rtx_msgqueue.o(.text.svcRtxMessageQueueGetCapacity), (18 bytes).
    Removing rtx_msgqueue.o(.ARM.exidx.text.svcRtxMessageQueueGetCapacity), (8 bytes).
    Removing rtx_msgqueue.o(.text.osMessageQueueGetMsgSize), (48 bytes).
    Removing rtx_msgqueue.o(.ARM.exidx.text.osMessageQueueGetMsgSize), (8 bytes).
    Removing rtx_msgqueue.o(.text.svcRtxMessageQueueGetMsgSize), (18 bytes).
    Removing rtx_msgqueue.o(.ARM.exidx.text.svcRtxMessageQueueGetMsgSize), (8 bytes).
    Removing rtx_msgqueue.o(.text.osMessageQueueGetCount), (48 bytes).
    Removing rtx_msgqueue.o(.ARM.exidx.text.osMessageQueueGetCount), (8 bytes).
    Removing rtx_msgqueue.o(.text.svcRtxMessageQueueGetCount), (18 bytes).
    Removing rtx_msgqueue.o(.ARM.exidx.text.svcRtxMessageQueueGetCount), (8 bytes).
    Removing rtx_msgqueue.o(.text.osMessageQueueGetSpace), (36 bytes).
    Removing rtx_msgqueue.o(.ARM.exidx.text.osMessageQueueGetSpace), (8 bytes).
    Removing rtx_msgqueue.o(.text.svcRtxMessageQueueGetSpace), (22 bytes).
    Removing rtx_msgqueue.o(.ARM.exidx.text.svcRtxMessageQueueGetSpace), (8 bytes).
    Removing rtx_msgqueue.o(.text.osMessageQueueReset), (40 bytes).
    Removing rtx_msgqueue.o(.ARM.exidx.text.osMessageQueueReset), (8 bytes).
    Removing rtx_msgqueue.o(.text.osMessageQueueDelete), (40 bytes).
    Removing rtx_msgqueue.o(.ARM.exidx.text.osMessageQueueDelete), (8 bytes).
    Removing rtx_msgqueue.o(.ARM.exidx.text.svcRtxMessageQueueNew), (8 bytes).
    Removing rtx_msgqueue.o(.ARM.exidx.text.osRtxMessageQueuePostProcess), (8 bytes).
    Removing rtx_msgqueue.o(.ARM.exidx.text.MessageQueueRemove), (8 bytes).
    Removing rtx_msgqueue.o(.ARM.exidx.text.MessageQueuePut), (8 bytes).
    Removing rtx_msgqueue.o(.text.svcRtxMessageQueueGetName), (18 bytes).
    Removing rtx_msgqueue.o(.ARM.exidx.text.svcRtxMessageQueueGetName), (8 bytes).
    Removing rtx_msgqueue.o(.ARM.exidx.text.svcRtxMessageQueuePut), (8 bytes).
    Removing rtx_msgqueue.o(.ARM.exidx.text.MessageQueueGet), (8 bytes).
    Removing rtx_msgqueue.o(.ARM.exidx.text.svcRtxMessageQueueGet), (8 bytes).
    Removing rtx_msgqueue.o(.text.svcRtxMessageQueueReset), (162 bytes).
    Removing rtx_msgqueue.o(.ARM.exidx.text.svcRtxMessageQueueReset), (8 bytes).
    Removing rtx_msgqueue.o(.text.svcRtxMessageQueueDelete), (112 bytes).
    Removing rtx_msgqueue.o(.ARM.exidx.text.svcRtxMessageQueueDelete), (8 bytes).
    Removing irq_cm0.o(.constdata), (1 bytes).
    Removing rtx_timer.o(.text), (0 bytes).
    Removing rtx_timer.o(.ARM.exidx.text.osRtxTimerThread), (8 bytes).
    Removing rtx_timer.o(.ARM.exidx.text.osRtxTimerTick), (8 bytes).
    Removing rtx_timer.o(.text.osTimerNew), (36 bytes).
    Removing rtx_timer.o(.ARM.exidx.text.osTimerNew), (8 bytes).
    Removing rtx_timer.o(.text.osTimerGetName), (36 bytes).
    Removing rtx_timer.o(.ARM.exidx.text.osTimerGetName), (8 bytes).
    Removing rtx_timer.o(.text.osTimerStart), (40 bytes).
    Removing rtx_timer.o(.ARM.exidx.text.osTimerStart), (8 bytes).
    Removing rtx_timer.o(.text.osTimerStop), (40 bytes).
    Removing rtx_timer.o(.ARM.exidx.text.osTimerStop), (8 bytes).
    Removing rtx_timer.o(.text.osTimerIsRunning), (36 bytes).
    Removing rtx_timer.o(.ARM.exidx.text.osTimerIsRunning), (8 bytes).
    Removing rtx_timer.o(.text.osTimerDelete), (40 bytes).
    Removing rtx_timer.o(.ARM.exidx.text.osTimerDelete), (8 bytes).
    Removing rtx_timer.o(.ARM.exidx.text.TimerInsert), (8 bytes).
    Removing rtx_timer.o(.text.svcRtxTimerNew), (132 bytes).
    Removing rtx_timer.o(.ARM.exidx.text.svcRtxTimerNew), (8 bytes).
    Removing rtx_timer.o(.text.svcRtxTimerGetName), (18 bytes).
    Removing rtx_timer.o(.ARM.exidx.text.svcRtxTimerGetName), (8 bytes).
    Removing rtx_timer.o(.text.svcRtxTimerStart), (72 bytes).
    Removing rtx_timer.o(.ARM.exidx.text.svcRtxTimerStart), (8 bytes).
    Removing rtx_timer.o(.text.TimerRemove), (40 bytes).
    Removing rtx_timer.o(.ARM.exidx.text.TimerRemove), (8 bytes).
    Removing rtx_timer.o(.text.svcRtxTimerStop), (42 bytes).
    Removing rtx_timer.o(.ARM.exidx.text.svcRtxTimerStop), (8 bytes).
    Removing rtx_timer.o(.text.svcRtxTimerIsRunning), (24 bytes).
    Removing rtx_timer.o(.ARM.exidx.text.svcRtxTimerIsRunning), (8 bytes).
    Removing rtx_timer.o(.text.svcRtxTimerDelete), (76 bytes).
    Removing rtx_timer.o(.ARM.exidx.text.svcRtxTimerDelete), (8 bytes).
    Removing rtx_mutex.o(.text), (0 bytes).
    Removing rtx_mutex.o(.ARM.exidx.text.osRtxMutexOwnerRelease), (8 bytes).
    Removing rtx_mutex.o(.text.osMutexNew), (36 bytes).
    Removing rtx_mutex.o(.ARM.exidx.text.osMutexNew), (8 bytes).
    Removing rtx_mutex.o(.text.osMutexGetName), (36 bytes).
    Removing rtx_mutex.o(.ARM.exidx.text.osMutexGetName), (8 bytes).
    Removing rtx_mutex.o(.text.osMutexAcquire), (40 bytes).
    Removing rtx_mutex.o(.ARM.exidx.text.osMutexAcquire), (8 bytes).
    Removing rtx_mutex.o(.text.osMutexRelease), (40 bytes).
    Removing rtx_mutex.o(.ARM.exidx.text.osMutexRelease), (8 bytes).
    Removing rtx_mutex.o(.text.osMutexGetOwner), (36 bytes).
    Removing rtx_mutex.o(.ARM.exidx.text.osMutexGetOwner), (8 bytes).
    Removing rtx_mutex.o(.text.osMutexDelete), (40 bytes).
    Removing rtx_mutex.o(.ARM.exidx.text.osMutexDelete), (8 bytes).
    Removing rtx_mutex.o(.text.svcRtxMutexNew), (112 bytes).
    Removing rtx_mutex.o(.ARM.exidx.text.svcRtxMutexNew), (8 bytes).
    Removing rtx_mutex.o(.text.svcRtxMutexGetName), (18 bytes).
    Removing rtx_mutex.o(.ARM.exidx.text.svcRtxMutexGetName), (8 bytes).
    Removing rtx_mutex.o(.text.svcRtxMutexAcquire), (152 bytes).
    Removing rtx_mutex.o(.ARM.exidx.text.svcRtxMutexAcquire), (8 bytes).
    Removing rtx_mutex.o(.text.svcRtxMutexRelease), (192 bytes).
    Removing rtx_mutex.o(.ARM.exidx.text.svcRtxMutexRelease), (8 bytes).
    Removing rtx_mutex.o(.text.svcRtxMutexGetOwner), (24 bytes).
    Removing rtx_mutex.o(.ARM.exidx.text.svcRtxMutexGetOwner), (8 bytes).
    Removing rtx_mutex.o(.text.svcRtxMutexDelete), (188 bytes).
    Removing rtx_mutex.o(.ARM.exidx.text.svcRtxMutexDelete), (8 bytes).
    Removing rtx_memory.o(.text), (0 bytes).
    Removing rtx_memory.o(.ARM.exidx.text.osRtxMemoryInit), (8 bytes).
    Removing rtx_memory.o(.ARM.exidx.text.osRtxMemoryAlloc), (8 bytes).
    Removing rtx_memory.o(.ARM.exidx.text.osRtxMemoryFree), (8 bytes).
    Removing rtx_mempool.o(.text), (0 bytes).
    Removing rtx_mempool.o(.ARM.exidx.text.osRtxMemoryPoolInit), (8 bytes).
    Removing rtx_mempool.o(.ARM.exidx.text.osRtxMemoryPoolAlloc), (8 bytes).
    Removing rtx_mempool.o(.ARM.exidx.text.osRtxMemoryPoolFree), (8 bytes).
    Removing rtx_mempool.o(.text.osMemoryPoolNew), (36 bytes).
    Removing rtx_mempool.o(.ARM.exidx.text.osMemoryPoolNew), (8 bytes).
    Removing rtx_mempool.o(.text.osMemoryPoolGetName), (36 bytes).
    Removing rtx_mempool.o(.ARM.exidx.text.osMemoryPoolGetName), (8 bytes).
    Removing rtx_mempool.o(.text.osMemoryPoolAlloc), (56 bytes).
    Removing rtx_mempool.o(.ARM.exidx.text.osMemoryPoolAlloc), (8 bytes).
    Removing rtx_mempool.o(.text.osMemoryPoolFree), (72 bytes).
    Removing rtx_mempool.o(.ARM.exidx.text.osMemoryPoolFree), (8 bytes).
    Removing rtx_mempool.o(.text.osMemoryPoolGetCapacity), (48 bytes).
    Removing rtx_mempool.o(.ARM.exidx.text.osMemoryPoolGetCapacity), (8 bytes).
    Removing rtx_mempool.o(.text.svcRtxMemoryPoolGetCapacity), (18 bytes).
    Removing rtx_mempool.o(.ARM.exidx.text.svcRtxMemoryPoolGetCapacity), (8 bytes).
    Removing rtx_mempool.o(.text.osMemoryPoolGetBlockSize), (48 bytes).
    Removing rtx_mempool.o(.ARM.exidx.text.osMemoryPoolGetBlockSize), (8 bytes).
    Removing rtx_mempool.o(.text.svcRtxMemoryPoolGetBlockSize), (18 bytes).
    Removing rtx_mempool.o(.ARM.exidx.text.svcRtxMemoryPoolGetBlockSize), (8 bytes).
    Removing rtx_mempool.o(.text.osMemoryPoolGetCount), (48 bytes).
    Removing rtx_mempool.o(.ARM.exidx.text.osMemoryPoolGetCount), (8 bytes).
    Removing rtx_mempool.o(.text.svcRtxMemoryPoolGetCount), (18 bytes).
    Removing rtx_mempool.o(.ARM.exidx.text.svcRtxMemoryPoolGetCount), (8 bytes).
    Removing rtx_mempool.o(.text.osMemoryPoolGetSpace), (36 bytes).
    Removing rtx_mempool.o(.ARM.exidx.text.osMemoryPoolGetSpace), (8 bytes).
    Removing rtx_mempool.o(.text.svcRtxMemoryPoolGetSpace), (22 bytes).
    Removing rtx_mempool.o(.ARM.exidx.text.svcRtxMemoryPoolGetSpace), (8 bytes).
    Removing rtx_mempool.o(.text.osMemoryPoolDelete), (40 bytes).
    Removing rtx_mempool.o(.ARM.exidx.text.osMemoryPoolDelete), (8 bytes).
    Removing rtx_mempool.o(.text.svcRtxMemoryPoolNew), (444 bytes).
    Removing rtx_mempool.o(.ARM.exidx.text.svcRtxMemoryPoolNew), (8 bytes).
    Removing rtx_mempool.o(.text.osRtxMemoryPoolPostProcess), (40 bytes).
    Removing rtx_mempool.o(.ARM.exidx.text.osRtxMemoryPoolPostProcess), (8 bytes).
    Removing rtx_mempool.o(.text.svcRtxMemoryPoolGetName), (18 bytes).
    Removing rtx_mempool.o(.ARM.exidx.text.svcRtxMemoryPoolGetName), (8 bytes).
    Removing rtx_mempool.o(.text.svcRtxMemoryPoolAlloc), (64 bytes).
    Removing rtx_mempool.o(.ARM.exidx.text.svcRtxMemoryPoolAlloc), (8 bytes).
    Removing rtx_mempool.o(.text.svcRtxMemoryPoolFree), (72 bytes).
    Removing rtx_mempool.o(.ARM.exidx.text.svcRtxMemoryPoolFree), (8 bytes).
    Removing rtx_mempool.o(.text.svcRtxMemoryPoolDelete), (112 bytes).
    Removing rtx_mempool.o(.ARM.exidx.text.svcRtxMemoryPoolDelete), (8 bytes).
    Removing rtx_system.o(.text), (0 bytes).
    Removing rtx_system.o(.ARM.exidx.text.osRtxTick_Handler), (8 bytes).
    Removing rtx_system.o(.ARM.exidx.text.osRtxPendSV_Handler), (8 bytes).
    Removing rtx_system.o(.ARM.exidx.text.osRtxPostProcess), (8 bytes).
    Removing os_systick.o(.text), (0 bytes).
    Removing os_systick.o(.ARM.exidx.text.OS_Tick_Setup), (8 bytes).
    Removing os_systick.o(.ARM.exidx.text.OS_Tick_Enable), (8 bytes).
    Removing os_systick.o(.text.OS_Tick_Disable), (40 bytes).
    Removing os_systick.o(.ARM.exidx.text.OS_Tick_Disable), (8 bytes).
    Removing os_systick.o(.ARM.exidx.text.OS_Tick_AcknowledgeIRQ), (8 bytes).
    Removing os_systick.o(.ARM.exidx.text.OS_Tick_GetIRQn), (8 bytes).
    Removing os_systick.o(.text.OS_Tick_GetClock), (12 bytes).
    Removing os_systick.o(.ARM.exidx.text.OS_Tick_GetClock), (8 bytes).
    Removing os_systick.o(.text.OS_Tick_GetInterval), (12 bytes).
    Removing os_systick.o(.ARM.exidx.text.OS_Tick_GetInterval), (8 bytes).
    Removing os_systick.o(.text.OS_Tick_GetCount), (16 bytes).
    Removing os_systick.o(.ARM.exidx.text.OS_Tick_GetCount), (8 bytes).
    Removing os_systick.o(.text.OS_Tick_GetOverflow), (16 bytes).
    Removing os_systick.o(.ARM.exidx.text.OS_Tick_GetOverflow), (8 bytes).

364 unused section(s) (total 8427 bytes) removed from the image.

==============================================================================

Image Symbol Table

    Local Symbols

    Symbol Name                              Value     Ov Type        Size  Object(Section)

    RESET                                    0x00000000   Section      192  startup_mkl25z4.o(RESET)
    ../clib/../cmprslib/zerorunl.c           0x00000000   Number         0  __dczerorl.o ABSOLUTE
    ../clib/microlib/division.c              0x00000000   Number         0  uidiv.o ABSOLUTE
    ../clib/microlib/init/entry.s            0x00000000   Number         0  entry.o ABSOLUTE
    ../clib/microlib/init/entry.s            0x00000000   Number         0  entry11a.o ABSOLUTE
    ../clib/microlib/init/entry.s            0x00000000   Number         0  entry10b.o ABSOLUTE
    ../clib/microlib/init/entry.s            0x00000000   Number         0  entry5.o ABSOLUTE
    ../clib/microlib/init/entry.s            0x00000000   Number         0  entry10a.o ABSOLUTE
    ../clib/microlib/init/entry.s            0x00000000   Number         0  entry9b.o ABSOLUTE
    ../clib/microlib/init/entry.s            0x00000000   Number         0  entry9a.o ABSOLUTE
    ../clib/microlib/init/entry.s            0x00000000   Number         0  entry8b.o ABSOLUTE
    ../clib/microlib/init/entry.s            0x00000000   Number         0  entry8a.o ABSOLUTE
    ../clib/microlib/init/entry.s            0x00000000   Number         0  entry7b.o ABSOLUTE
    ../clib/microlib/init/entry.s            0x00000000   Number         0  entry7a.o ABSOLUTE
    ../clib/microlib/init/entry.s            0x00000000   Number         0  entry11b.o ABSOLUTE
    ../clib/microlib/init/entry.s            0x00000000   Number         0  entry2.o ABSOLUTE
    ../clib/microlib/longlong.c              0x00000000   Number         0  llsshr.o ABSOLUTE
    ../clib/microlib/longlong.c              0x00000000   Number         0  llushr.o ABSOLUTE
    ../clib/microlib/longlong.c              0x00000000   Number         0  llshl.o ABSOLUTE
    ../clib/microlib/string/memcpy.c         0x00000000   Number         0  memcpya.o ABSOLUTE
    ../clib/microlib/string/memcpy.c         0x00000000   Number         0  memcpyb.o ABSOLUTE
    ../clib/microlib/string/memset.c         0x00000000   Number         0  memseta.o ABSOLUTE
    ../clib/microlib/stubs.s                 0x00000000   Number         0  iusefp.o ABSOLUTE
    ../fplib/microlib/d2f.c                  0x00000000   Number         0  d2f.o ABSOLUTE
    ../fplib/microlib/fpadd.c                0x00000000   Number         0  dadd.o ABSOLUTE
    ../fplib/microlib/fpadd.c                0x00000000   Number         0  fadd.o ABSOLUTE
    ../fplib/microlib/fpdiv.c                0x00000000   Number         0  ddiv.o ABSOLUTE
    ../fplib/microlib/fpepilogue.c           0x00000000   Number         0  fepilogue.o ABSOLUTE
    ../fplib/microlib/fpepilogue.c           0x00000000   Number         0  depilogue.o ABSOLUTE
    ../fplib/microlib/fpfix.c                0x00000000   Number         0  dfixi.o ABSOLUTE
    ../fplib/microlib/fpfix.c                0x00000000   Number         0  dfixui.o ABSOLUTE
    ../fplib/microlib/fpfix.c                0x00000000   Number         0  ffixi.o ABSOLUTE
    ../fplib/microlib/fpflt.c                0x00000000   Number         0  dflti.o ABSOLUTE
    ../fplib/microlib/fpmul.c                0x00000000   Number         0  dmul.o ABSOLUTE
    ..\..\..\Source\ARM\irq_cm0.s            0x00000000   Number         0  irq_cm0.o ABSOLUTE
    C:\Users\sheng\AppData\Local\Arm\Packs\ARM\CMSIS\5.6.0\CMSIS\RTOS2\RTX\Source\rtx_lib.c 0x00000000   Number         0  rtx_lib.o ABSOLUTE
    C:\\Users\\sheng\\AppData\\Local\\Arm\\Packs\\ARM\\CMSIS\\5.6.0\\CMSIS\\RTOS2\\RTX\\Source\\rtx_lib.c 0x00000000   Number         0  rtx_lib.o ABSOLUTE
    RTE\CMSIS\RTX_Config.c                   0x00000000   Number         0  rtx_config.o ABSOLUTE
    RTE\Device\MKL25Z128xxx4\startup_MKL25Z4.s 0x00000000   Number         0  startup_mkl25z4.o ABSOLUTE
    RTE\Device\MKL25Z128xxx4\system_MKL25Z4.c 0x00000000   Number         0  system_mkl25z4.o ABSOLUTE
    RTE\\CMSIS\\RTX_Config.c                 0x00000000   Number         0  rtx_config.o ABSOLUTE
    RTE\\Device\\MKL25Z128xxx4\\system_MKL25Z4.c 0x00000000   Number         0  system_mkl25z4.o ABSOLUTE
    buzzer.c                                 0x00000000   Number         0  buzzer.o ABSOLUTE
    buzzer.c                                 0x00000000   Number         0  buzzer.o ABSOLUTE
    cfcmple.s                                0x00000000   Number         0  cfcmple.o ABSOLUTE
    cfrcmple.s                               0x00000000   Number         0  cfrcmple.o ABSOLUTE
    dc.s                                     0x00000000   Number         0  dc.o ABSOLUTE
    handlers.s                               0x00000000   Number         0  handlers.o ABSOLUTE
    init.s                                   0x00000000   Number         0  init.o ABSOLUTE
    led.c                                    0x00000000   Number         0  led.o ABSOLUTE
    led.c                                    0x00000000   Number         0  led.o ABSOLUTE
    main.c                                   0x00000000   Number         0  main.o ABSOLUTE
    main.c                                   0x00000000   Number         0  main.o ABSOLUTE
    motor.c                                  0x00000000   Number         0  motor.o ABSOLUTE
    motor.c                                  0x00000000   Number         0  motor.o ABSOLUTE
    os_systick.c                             0x00000000   Number         0  os_systick.o ABSOLUTE
    rtx_delay.c                              0x00000000   Number         0  rtx_delay.o ABSOLUTE
    rtx_kernel.c                             0x00000000   Number         0  rtx_kernel.o ABSOLUTE
    rtx_memory.c                             0x00000000   Number         0  rtx_memory.o ABSOLUTE
    rtx_mempool.c                            0x00000000   Number         0  rtx_mempool.o ABSOLUTE
    rtx_msgqueue.c                           0x00000000   Number         0  rtx_msgqueue.o ABSOLUTE
    rtx_mutex.c                              0x00000000   Number         0  rtx_mutex.o ABSOLUTE
    rtx_semaphore.c                          0x00000000   Number         0  rtx_semaphore.o ABSOLUTE
    rtx_system.c                             0x00000000   Number         0  rtx_system.o ABSOLUTE
    rtx_thread.c                             0x00000000   Number         0  rtx_thread.o ABSOLUTE
    rtx_timer.c                              0x00000000   Number         0  rtx_timer.o ABSOLUTE
    uart.c                                   0x00000000   Number         0  uart.o ABSOLUTE
    uart.c                                   0x00000000   Number         0  uart.o ABSOLUTE
    .ARM.Collect$$$$00000000                 0x000000c0   Section        0  entry.o(.ARM.Collect$$$$00000000)
    .ARM.Collect$$$$00000001                 0x000000c0   Section        4  entry2.o(.ARM.Collect$$$$00000001)
    .ARM.Collect$$$$00000004                 0x000000c4   Section        4  entry5.o(.ARM.Collect$$$$00000004)
    .ARM.Collect$$$$00000008                 0x000000c8   Section        0  entry7b.o(.ARM.Collect$$$$00000008)
    .ARM.Collect$$$$0000000A                 0x000000c8   Section        0  entry8b.o(.ARM.Collect$$$$0000000A)
    .ARM.Collect$$$$0000000B                 0x000000c8   Section        8  entry9a.o(.ARM.Collect$$$$0000000B)
    .ARM.Collect$$$$0000000D                 0x000000d0   Section        0  entry10a.o(.ARM.Collect$$$$0000000D)
    .ARM.Collect$$$$0000000F                 0x000000d0   Section        0  entry11a.o(.ARM.Collect$$$$0000000F)
    .ARM.Collect$$$$00002712                 0x000000d0   Section        4  entry2.o(.ARM.Collect$$$$00002712)
    __lit__00000000                          0x000000d0   Data           4  entry2.o(.ARM.Collect$$$$00002712)
    .text                                    0x000000d4   Section       40  startup_mkl25z4.o(.text)
    .text                                    0x000000fc   Section      164  irq_cm0.o(.text)
    .text                                    0x000001a0   Section        0  uidiv.o(.text)
    .text                                    0x000001cc   Section        0  memcpya.o(.text)
    .text                                    0x000001f0   Section        0  memseta.o(.text)
    .text                                    0x00000214   Section        0  fadd.o(.text)
    .text                                    0x000002c8   Section        0  dmul.o(.text)
    .text                                    0x00000398   Section        0  dflti.o(.text)
    .text                                    0x000003c0   Section        0  ffixi.o(.text)
    .text                                    0x000003f2   Section        0  iusefp.o(.text)
    [Anonymous Symbol]                       0x000003f4   Section        0  os_systick.o(.text.OS_Tick_AcknowledgeIRQ)
    __arm_cp.3_0                             0x000003fc   Number         4  os_systick.o(.text.OS_Tick_AcknowledgeIRQ)
    .ARM.__at_0x400                          0x00000400   Section       16  startup_mkl25z4.o(.ARM.__at_0x400)
    .text                                    0x00000410   Section        0  dadd.o(.text)
    .text                                    0x00000574   Section        0  ddiv.o(.text)
    .text                                    0x00000664   Section        0  dfixi.o(.text)
    .text                                    0x000006ac   Section        0  dfixui.o(.text)
    .text                                    0x000006e8   Section        0  d2f.o(.text)
    .text                                    0x00000720   Section       20  cfcmple.o(.text)
    .text                                    0x00000734   Section       20  cfrcmple.o(.text)
    .text                                    0x00000748   Section        0  llshl.o(.text)
    .text                                    0x00000768   Section        0  llushr.o(.text)
    .text                                    0x0000078a   Section        0  llsshr.o(.text)
    .text                                    0x000007b0   Section        0  fepilogue.o(.text)
    .text                                    0x00000832   Section        0  depilogue.o(.text)
    .text                                    0x000008f0   Section       36  init.o(.text)
    .text                                    0x00000914   Section        0  __dczerorl.o(.text)
    [Anonymous Symbol]                       0x0000094e   Section        0  rtx_msgqueue.o(.text.MessageQueueGet)
    MessageQueueGet                          0x0000094f   Thumb Code    76  rtx_msgqueue.o(.text.MessageQueueGet)
    [Anonymous Symbol]                       0x0000099a   Section        0  rtx_msgqueue.o(.text.MessageQueuePut)
    MessageQueuePut                          0x0000099b   Thumb Code    98  rtx_msgqueue.o(.text.MessageQueuePut)
    [Anonymous Symbol]                       0x000009fc   Section        0  rtx_msgqueue.o(.text.MessageQueueRemove)
    MessageQueueRemove                       0x000009fd   Thumb Code    30  rtx_msgqueue.o(.text.MessageQueueRemove)
    [Anonymous Symbol]                       0x00000a1c   Section        0  os_systick.o(.text.OS_Tick_Enable)
    __arm_cp.1_0                             0x00000a3c   Number         4  os_systick.o(.text.OS_Tick_Enable)
    __arm_cp.1_1                             0x00000a40   Number         4  os_systick.o(.text.OS_Tick_Enable)
    __arm_cp.1_2                             0x00000a44   Number         4  os_systick.o(.text.OS_Tick_Enable)
    [Anonymous Symbol]                       0x00000a48   Section        0  os_systick.o(.text.OS_Tick_GetIRQn)
    [Anonymous Symbol]                       0x00000a50   Section        0  os_systick.o(.text.OS_Tick_Setup)
    __arm_cp.0_0                             0x00000a8c   Number         4  os_systick.o(.text.OS_Tick_Setup)
    __arm_cp.0_1                             0x00000a90   Number         4  os_systick.o(.text.OS_Tick_Setup)
    __arm_cp.0_2                             0x00000a94   Number         4  os_systick.o(.text.OS_Tick_Setup)
    __arm_cp.0_3                             0x00000a98   Number         4  os_systick.o(.text.OS_Tick_Setup)
    [Anonymous Symbol]                       0x00000a9c   Section        0  rtx_semaphore.o(.text.SemaphoreTokenDecrement)
    SemaphoreTokenDecrement                  0x00000a9d   Thumb Code    36  rtx_semaphore.o(.text.SemaphoreTokenDecrement)
    [Anonymous Symbol]                       0x00000ac0   Section        0  rtx_semaphore.o(.text.SemaphoreTokenIncrement)
    SemaphoreTokenIncrement                  0x00000ac1   Thumb Code    38  rtx_semaphore.o(.text.SemaphoreTokenIncrement)
    [Anonymous Symbol]                       0x00000ae6   Section        0  rtx_thread.o(.text.ThreadFlagsCheck)
    ThreadFlagsCheck                         0x00000ae7   Thumb Code    78  rtx_thread.o(.text.ThreadFlagsCheck)
    [Anonymous Symbol]                       0x00000b34   Section        0  rtx_timer.o(.text.TimerInsert)
    TimerInsert                              0x00000b35   Thumb Code    76  rtx_timer.o(.text.TimerInsert)
    __arm_cp.8_0                             0x00000b7c   Number         4  rtx_timer.o(.text.TimerInsert)
    [Anonymous Symbol]                       0x00000b80   Section        0  rtx_delay.o(.text.osDelay)
    __arm_cp.0_0                             0x00000ba4   Number         4  rtx_delay.o(.text.osDelay)
    [Anonymous Symbol]                       0x00000ba8   Section        0  rtx_kernel.o(.text.osKernelInitialize)
    __arm_cp.1_0                             0x00000bcc   Number         4  rtx_kernel.o(.text.osKernelInitialize)
    [Anonymous Symbol]                       0x00000bd0   Section        0  rtx_kernel.o(.text.osKernelStart)
    __arm_cp.6_0                             0x00000bf0   Number         4  rtx_kernel.o(.text.osKernelStart)
    [Anonymous Symbol]                       0x00000bf4   Section        0  rtx_msgqueue.o(.text.osMessageQueueGet)
    __arm_cp.3_0                             0x00000c64   Number         4  rtx_msgqueue.o(.text.osMessageQueueGet)
    [Anonymous Symbol]                       0x00000c68   Section        0  rtx_msgqueue.o(.text.osMessageQueueNew)
    __arm_cp.0_0                             0x00000c88   Number         4  rtx_msgqueue.o(.text.osMessageQueueNew)
    [Anonymous Symbol]                       0x00000c8c   Section        0  rtx_msgqueue.o(.text.osMessageQueuePut)
    __arm_cp.2_0                             0x00000d00   Number         4  rtx_msgqueue.o(.text.osMessageQueuePut)
    [Anonymous Symbol]                       0x00000d04   Section        0  rtx_kernel.o(.text.osRtxKernelPreInit)
    [Anonymous Symbol]                       0x00000d06   Section        0  rtx_memory.o(.text.osRtxMemoryAlloc)
    [Anonymous Symbol]                       0x00000d82   Section        0  rtx_memory.o(.text.osRtxMemoryFree)
    [Anonymous Symbol]                       0x00000dd0   Section        0  rtx_memory.o(.text.osRtxMemoryInit)
    [Anonymous Symbol]                       0x00000e02   Section        0  rtx_mempool.o(.text.osRtxMemoryPoolAlloc)
    [Anonymous Symbol]                       0x00000e30   Section        0  rtx_mempool.o(.text.osRtxMemoryPoolFree)
    [Anonymous Symbol]                       0x00000e6a   Section        0  rtx_mempool.o(.text.osRtxMemoryPoolInit)
    [Anonymous Symbol]                       0x00000ea8   Section        0  rtx_msgqueue.o(.text.osRtxMessageQueuePostProcess)
    osRtxMessageQueuePostProcess             0x00000ea9   Thumb Code   188  rtx_msgqueue.o(.text.osRtxMessageQueuePostProcess)
    [Anonymous Symbol]                       0x00000f64   Section        0  rtx_mutex.o(.text.osRtxMutexOwnerRelease)
    [Anonymous Symbol]                       0x00000fa8   Section        0  rtx_system.o(.text.osRtxPendSV_Handler)
    __arm_cp.1_0                             0x00001024   Number         4  rtx_system.o(.text.osRtxPendSV_Handler)
    [Anonymous Symbol]                       0x00001028   Section        0  rtx_system.o(.text.osRtxPostProcess)
    __arm_cp.2_0                             0x0000108c   Number         4  rtx_system.o(.text.osRtxPostProcess)
    __arm_cp.2_1                             0x00001090   Number         4  rtx_system.o(.text.osRtxPostProcess)
    [Anonymous Symbol]                       0x00001094   Section        0  rtx_semaphore.o(.text.osRtxSemaphorePostProcess)
    osRtxSemaphorePostProcess                0x00001095   Thumb Code    36  rtx_semaphore.o(.text.osRtxSemaphorePostProcess)
    [Anonymous Symbol]                       0x000010b8   Section        0  rtx_thread.o(.text.osRtxThreadBlock)
    osRtxThreadBlock                         0x000010b9   Thumb Code    56  rtx_thread.o(.text.osRtxThreadBlock)
    __arm_cp.10_0                            0x000010ec   Number         4  rtx_thread.o(.text.osRtxThreadBlock)
    [Anonymous Symbol]                       0x000010f0   Section        0  rtx_thread.o(.text.osRtxThreadDelayInsert)
    osRtxThreadDelayInsert                   0x000010f1   Thumb Code   128  rtx_thread.o(.text.osRtxThreadDelayInsert)
    __arm_cp.14_0                            0x0000116c   Number         4  rtx_thread.o(.text.osRtxThreadDelayInsert)
    [Anonymous Symbol]                       0x00001170   Section        0  rtx_thread.o(.text.osRtxThreadDelayRemove)
    osRtxThreadDelayRemove                   0x00001171   Thumb Code    68  rtx_thread.o(.text.osRtxThreadDelayRemove)
    __arm_cp.12_0                            0x000011b0   Number         4  rtx_thread.o(.text.osRtxThreadDelayRemove)
    [Anonymous Symbol]                       0x000011b4   Section        0  rtx_thread.o(.text.osRtxThreadDelayTick)
    __arm_cp.5_0                             0x000011e8   Number         4  rtx_thread.o(.text.osRtxThreadDelayTick)
    [Anonymous Symbol]                       0x000011ec   Section        0  rtx_thread.o(.text.osRtxThreadDispatch)
    __arm_cp.9_0                             0x00001238   Number         4  rtx_thread.o(.text.osRtxThreadDispatch)
    [Anonymous Symbol]                       0x0000123c   Section        0  rtx_thread.o(.text.osRtxThreadFree)
    osRtxThreadFree                          0x0000123d   Thumb Code    84  rtx_thread.o(.text.osRtxThreadFree)
    __arm_cp.52_0                            0x0000128c   Number         4  rtx_thread.o(.text.osRtxThreadFree)
    [Anonymous Symbol]                       0x00001290   Section        0  rtx_thread.o(.text.osRtxThreadListGet)
    [Anonymous Symbol]                       0x000012a4   Section        0  rtx_thread.o(.text.osRtxThreadListPut)
    [Anonymous Symbol]                       0x000012d0   Section        0  rtx_thread.o(.text.osRtxThreadListRemove)
    [Anonymous Symbol]                       0x000012e8   Section        0  rtx_thread.o(.text.osRtxThreadPostProcess)
    osRtxThreadPostProcess                   0x000012e9   Thumb Code    38  rtx_thread.o(.text.osRtxThreadPostProcess)
    [Anonymous Symbol]                       0x00001310   Section        0  rtx_thread.o(.text.osRtxThreadReadyPut)
    __arm_cp.4_0                             0x00001324   Number         4  rtx_thread.o(.text.osRtxThreadReadyPut)
    [Anonymous Symbol]                       0x00001328   Section        0  rtx_thread.o(.text.osRtxThreadRegPtr)
    [Anonymous Symbol]                       0x00001330   Section        0  rtx_thread.o(.text.osRtxThreadStackCheck)
    __arm_cp.8_0                             0x00001354   Number         4  rtx_thread.o(.text.osRtxThreadStackCheck)
    __arm_cp.8_1                             0x00001358   Number         4  rtx_thread.o(.text.osRtxThreadStackCheck)
    [Anonymous Symbol]                       0x0000135c   Section        0  rtx_thread.o(.text.osRtxThreadStartup)
    __arm_cp.15_0                            0x0000138c   Number         4  rtx_thread.o(.text.osRtxThreadStartup)
    __arm_cp.15_1                            0x00001390   Number         4  rtx_thread.o(.text.osRtxThreadStartup)
    __arm_cp.15_2                            0x00001394   Number         4  rtx_thread.o(.text.osRtxThreadStartup)
    __arm_cp.15_3                            0x00001398   Number         4  rtx_thread.o(.text.osRtxThreadStartup)
    [Anonymous Symbol]                       0x0000139c   Section        0  rtx_thread.o(.text.osRtxThreadSwitch)
    __arm_cp.7_0                             0x000013ac   Number         4  rtx_thread.o(.text.osRtxThreadSwitch)
    [Anonymous Symbol]                       0x000013b0   Section        0  rtx_thread.o(.text.osRtxThreadWaitEnter)
    __arm_cp.13_0                            0x000013e8   Number         4  rtx_thread.o(.text.osRtxThreadWaitEnter)
    [Anonymous Symbol]                       0x000013ec   Section        0  rtx_thread.o(.text.osRtxThreadWaitExit)
    [Anonymous Symbol]                       0x00001410   Section        0  rtx_system.o(.text.osRtxTick_Handler)
    __arm_cp.0_0                             0x00001480   Number         4  rtx_system.o(.text.osRtxTick_Handler)
    [Anonymous Symbol]                       0x00001484   Section        0  rtx_timer.o(.text.osRtxTimerThread)
    __arm_cp.0_0                             0x000014b4   Number         4  rtx_timer.o(.text.osRtxTimerThread)
    __arm_cp.0_1                             0x000014b8   Number         4  rtx_timer.o(.text.osRtxTimerThread)
    __arm_cp.0_2                             0x000014bc   Number         4  rtx_timer.o(.text.osRtxTimerThread)
    [Anonymous Symbol]                       0x000014c0   Section        0  rtx_timer.o(.text.osRtxTimerTick)
    osRtxTimerTick                           0x000014c1   Thumb Code    96  rtx_timer.o(.text.osRtxTimerTick)
    __arm_cp.1_0                             0x0000151c   Number         4  rtx_timer.o(.text.osRtxTimerTick)
    [Anonymous Symbol]                       0x00001520   Section        0  rtx_semaphore.o(.text.osSemaphoreAcquire)
    __arm_cp.2_0                             0x00001560   Number         4  rtx_semaphore.o(.text.osSemaphoreAcquire)
    [Anonymous Symbol]                       0x00001564   Section        0  rtx_semaphore.o(.text.osSemaphoreNew)
    __arm_cp.0_0                             0x00001584   Number         4  rtx_semaphore.o(.text.osSemaphoreNew)
    [Anonymous Symbol]                       0x00001588   Section        0  rtx_semaphore.o(.text.osSemaphoreRelease)
    __arm_cp.3_0                             0x000015d0   Number         4  rtx_semaphore.o(.text.osSemaphoreRelease)
    [Anonymous Symbol]                       0x000015d4   Section        0  rtx_thread.o(.text.osThreadExit)
    __arm_cp.31_0                            0x000015dc   Number         4  rtx_thread.o(.text.osThreadExit)
    [Anonymous Symbol]                       0x000015e0   Section        0  rtx_thread.o(.text.osThreadFlagsSet)
    __arm_cp.35_0                            0x00001634   Number         4  rtx_thread.o(.text.osThreadFlagsSet)
    [Anonymous Symbol]                       0x00001638   Section        0  rtx_thread.o(.text.osThreadFlagsWait)
    __arm_cp.38_0                            0x0000165c   Number         4  rtx_thread.o(.text.osThreadFlagsWait)
    [Anonymous Symbol]                       0x00001660   Section        0  rtx_thread.o(.text.osThreadNew)
    __arm_cp.17_0                            0x00001680   Number         4  rtx_thread.o(.text.osThreadNew)
    [Anonymous Symbol]                       0x00001684   Section        0  rtx_delay.o(.text.svcRtxDelay)
    svcRtxDelay                              0x00001685   Thumb Code    18  rtx_delay.o(.text.svcRtxDelay)
    [Anonymous Symbol]                       0x00001698   Section        0  rtx_kernel.o(.text.svcRtxKernelInitialize)
    svcRtxKernelInitialize                   0x00001699   Thumb Code   328  rtx_kernel.o(.text.svcRtxKernelInitialize)
    __arm_cp.20_0                            0x000017d4   Number         4  rtx_kernel.o(.text.svcRtxKernelInitialize)
    __arm_cp.20_1                            0x000017d8   Number         4  rtx_kernel.o(.text.svcRtxKernelInitialize)
    __arm_cp.20_2                            0x000017dc   Number         4  rtx_kernel.o(.text.svcRtxKernelInitialize)
    [Anonymous Symbol]                       0x000017e0   Section        0  rtx_kernel.o(.text.svcRtxKernelStart)
    svcRtxKernelStart                        0x000017e1   Thumb Code   132  rtx_kernel.o(.text.svcRtxKernelStart)
    __arm_cp.21_0                            0x00001854   Number         4  rtx_kernel.o(.text.svcRtxKernelStart)
    __arm_cp.21_1                            0x00001858   Number         4  rtx_kernel.o(.text.svcRtxKernelStart)
    __arm_cp.21_2                            0x0000185c   Number         4  rtx_kernel.o(.text.svcRtxKernelStart)
    __arm_cp.21_3                            0x00001860   Number         4  rtx_kernel.o(.text.svcRtxKernelStart)
    [Anonymous Symbol]                       0x00001864   Section        0  rtx_msgqueue.o(.text.svcRtxMessageQueueGet)
    svcRtxMessageQueueGet                    0x00001865   Thumb Code   232  rtx_msgqueue.o(.text.svcRtxMessageQueueGet)
    __arm_cp.21_0                            0x00001948   Number         4  rtx_msgqueue.o(.text.svcRtxMessageQueueGet)
    [Anonymous Symbol]                       0x0000194c   Section        0  rtx_msgqueue.o(.text.svcRtxMessageQueueNew)
    svcRtxMessageQueueNew                    0x0000194d   Thumb Code   484  rtx_msgqueue.o(.text.svcRtxMessageQueueNew)
    __arm_cp.14_0                            0x00001b18   Number         4  rtx_msgqueue.o(.text.svcRtxMessageQueueNew)
    __arm_cp.14_1                            0x00001b1c   Number         4  rtx_msgqueue.o(.text.svcRtxMessageQueueNew)
    __arm_cp.14_2                            0x00001b20   Number         4  rtx_msgqueue.o(.text.svcRtxMessageQueueNew)
    __arm_cp.14_3                            0x00001b24   Number         4  rtx_msgqueue.o(.text.svcRtxMessageQueueNew)
    __arm_cp.14_4                            0x00001b28   Number         4  rtx_msgqueue.o(.text.svcRtxMessageQueueNew)
    __arm_cp.14_5                            0x00001b2c   Number         4  rtx_msgqueue.o(.text.svcRtxMessageQueueNew)
    [Anonymous Symbol]                       0x00001b30   Section        0  rtx_msgqueue.o(.text.svcRtxMessageQueuePut)
    svcRtxMessageQueuePut                    0x00001b31   Thumb Code   188  rtx_msgqueue.o(.text.svcRtxMessageQueuePut)
    __arm_cp.19_0                            0x00001be8   Number         4  rtx_msgqueue.o(.text.svcRtxMessageQueuePut)
    [Anonymous Symbol]                       0x00001bec   Section        0  rtx_semaphore.o(.text.svcRtxSemaphoreAcquire)
    svcRtxSemaphoreAcquire                   0x00001bed   Thumb Code    76  rtx_semaphore.o(.text.svcRtxSemaphoreAcquire)
    __arm_cp.11_0                            0x00001c34   Number         4  rtx_semaphore.o(.text.svcRtxSemaphoreAcquire)
    [Anonymous Symbol]                       0x00001c38   Section        0  rtx_semaphore.o(.text.svcRtxSemaphoreNew)
    svcRtxSemaphoreNew                       0x00001c39   Thumb Code   136  rtx_semaphore.o(.text.svcRtxSemaphoreNew)
    __arm_cp.7_0                             0x00001cb4   Number         4  rtx_semaphore.o(.text.svcRtxSemaphoreNew)
    __arm_cp.7_1                             0x00001cb8   Number         4  rtx_semaphore.o(.text.svcRtxSemaphoreNew)
    __arm_cp.7_2                             0x00001cbc   Number         4  rtx_semaphore.o(.text.svcRtxSemaphoreNew)
    [Anonymous Symbol]                       0x00001cc0   Section        0  rtx_semaphore.o(.text.svcRtxSemaphoreRelease)
    svcRtxSemaphoreRelease                   0x00001cc1   Thumb Code    56  rtx_semaphore.o(.text.svcRtxSemaphoreRelease)
    [Anonymous Symbol]                       0x00001cf8   Section        0  rtx_thread.o(.text.svcRtxThreadExit)
    svcRtxThreadExit                         0x00001cf9   Thumb Code   108  rtx_thread.o(.text.svcRtxThreadExit)
    __arm_cp.54_0                            0x00001d60   Number         4  rtx_thread.o(.text.svcRtxThreadExit)
    [Anonymous Symbol]                       0x00001d64   Section        0  rtx_thread.o(.text.svcRtxThreadFlagsSet)
    svcRtxThreadFlagsSet                     0x00001d65   Thumb Code   108  rtx_thread.o(.text.svcRtxThreadFlagsSet)
    [Anonymous Symbol]                       0x00001dd0   Section        0  rtx_thread.o(.text.svcRtxThreadFlagsWait)
    svcRtxThreadFlagsWait                    0x00001dd1   Thumb Code    80  rtx_thread.o(.text.svcRtxThreadFlagsWait)
    __arm_cp.61_0                            0x00001e1c   Number         4  rtx_thread.o(.text.svcRtxThreadFlagsWait)
    [Anonymous Symbol]                       0x00001e20   Section        0  rtx_thread.o(.text.svcRtxThreadNew)
    svcRtxThreadNew                          0x00001e21   Thumb Code   492  rtx_thread.o(.text.svcRtxThreadNew)
    __arm_cp.16_0                            0x00001ff4   Number         4  rtx_thread.o(.text.svcRtxThreadNew)
    __arm_cp.16_1                            0x00001ff8   Number         4  rtx_thread.o(.text.svcRtxThreadNew)
    __arm_cp.16_2                            0x00001ffc   Number         4  rtx_thread.o(.text.svcRtxThreadNew)
    __arm_cp.16_3                            0x00002000   Number         4  rtx_thread.o(.text.svcRtxThreadNew)
    __arm_cp.16_4                            0x00002004   Number         4  rtx_thread.o(.text.svcRtxThreadNew)
    __arm_cp.16_5                            0x00002008   Number         4  rtx_thread.o(.text.svcRtxThreadNew)
    i.Q_Dequeue                              0x0000200c   Section        0  uart.o(i.Q_Dequeue)
    i.Q_Empty                                0x00002052   Section        0  uart.o(i.Q_Empty)
    i.Q_Enqueue                              0x00002066   Section        0  uart.o(i.Q_Enqueue)
    i.Q_Full                                 0x000020a2   Section        0  uart.o(i.Q_Full)
    i.Q_Init                                 0x000020ba   Section        0  uart.o(i.Q_Init)
    i.SystemCoreClockUpdate                  0x000020dc   Section        0  system_mkl25z4.o(i.SystemCoreClockUpdate)
    i.SystemInit                             0x0000226c   Section        0  system_mkl25z4.o(i.SystemInit)
    i.UART2_IRQHandler                       0x000023a4   Section        0  uart.o(i.UART2_IRQHandler)
    i.__ARM_clz                              0x000023ec   Section        0  depilogue.o(i.__ARM_clz)
    i.__ARM_common_switch8                   0x0000241a   Section        0  buzzer.o(i.__ARM_common_switch8)
    i.__NVIC_ClearPendingIRQ                 0x00002438   Section        0  uart.o(i.__NVIC_ClearPendingIRQ)
    __NVIC_ClearPendingIRQ                   0x00002439   Thumb Code    18  uart.o(i.__NVIC_ClearPendingIRQ)
    i.__NVIC_SetPriority                     0x00002450   Section        0  uart.o(i.__NVIC_SetPriority)
    __NVIC_SetPriority                       0x00002451   Thumb Code   110  uart.o(i.__NVIC_SetPriority)
    i.__scatterload_copy                     0x000024c8   Section       14  handlers.o(i.__scatterload_copy)
    i.__scatterload_null                     0x000024d6   Section        2  handlers.o(i.__scatterload_null)
    i.__scatterload_zeroinit                 0x000024d8   Section       14  handlers.o(i.__scatterload_zeroinit)
    i.decode_motor_control                   0x000024e6   Section        0  motor.o(i.decode_motor_control)
    i.frequency_to_MOD                       0x00002568   Section        0  buzzer.o(i.frequency_to_MOD)
    i.green_led_thread                       0x000025b0   Section        0  led.o(i.green_led_thread)
    i.initBuzzerPWM                          0x0000262c   Section        0  buzzer.o(i.initBuzzerPWM)
    i.initLED                                0x000026cc   Section        0  led.o(i.initLED)
    i.initMotorPWM                           0x00002804   Section        0  motor.o(i.initMotorPWM)
    i.initUART2                              0x0000294c   Section        0  uart.o(i.initUART2)
    i.main                                   0x00002a30   Section        0  main.o(i.main)
    i.movement_master_control                0x00002ae8   Section        0  motor.o(i.movement_master_control)
    i.osRtxErrorNotify                       0x00002bd0   Section        0  rtx_config.o(i.osRtxErrorNotify)
    i.osRtxIdleThread                        0x00002bf0   Section        0  rtx_config.o(i.osRtxIdleThread)
    i.play_note                              0x00002bf4   Section        0  buzzer.o(i.play_note)
    i.play_tune                              0x00002c94   Section        0  buzzer.o(i.play_tune)
    i.red_led_thread                         0x00002cac   Section        0  led.o(i.red_led_thread)
    i.tAudio                                 0x00002d14   Section        0  buzzer.o(i.tAudio)
    i.tBrain                                 0x00002d38   Section        0  main.o(i.tBrain)
    i.tMotor                                 0x00002d64   Section        0  main.o(i.tMotor)
    i.tUART                                  0x00002d90   Section        0  main.o(i.tUART)
    .constdata                               0x00002e28   Section       92  led.o(.constdata)
    .constdata                               0x00002e84   Section       26  buzzer.o(.constdata)
    .constdata                               0x00002ea0   Section      100  rtx_lib.o(.constdata)
    os_idle_thread_attr                      0x00002ea0   Data          36  rtx_lib.o(.constdata)
    os_timer_thread_attr                     0x00002ec4   Data          36  rtx_lib.o(.constdata)
    os_timer_mq_attr                         0x00002ee8   Data          24  rtx_lib.o(.constdata)
    .rodata                                  0x00002f04   Section      160  rtx_lib.o(.rodata)
    __tagsym$$used                           0x00002f04   Number         0  rtx_lib.o(.rodata)
    __tagsym$$used                           0x00002f6c   Number         0  rtx_lib.o(.rodata)
    [Anonymous Symbol]                       0x00002fa4   Section        0  rtx_kernel.o(.rodata.str1.4)
    .L.str                                   0x00002fa4   Data          11  rtx_kernel.o(.rodata.str1.4)
    .bss.os                                  0x1ffff000   Section     4160  rtx_lib.o(.bss.os)
    os_mem                                   0x1ffff000   Data        4096  rtx_lib.o(.bss.os)
    os_isr_queue                             0x20000000   Data          64  rtx_lib.o(.bss.os)
    .bss.os.msgqueue.cb                      0x20000040   Section       52  rtx_lib.o(.bss.os.msgqueue.cb)
    os_timer_mq_cb                           0x20000040   Data          52  rtx_lib.o(.bss.os.msgqueue.cb)
    .bss.os.msgqueue.mem                     0x20000074   Section       80  rtx_lib.o(.bss.os.msgqueue.mem)
    os_timer_mq_data                         0x20000074   Data          80  rtx_lib.o(.bss.os.msgqueue.mem)
    .bss.os.thread.cb                        0x200000c4   Section      136  rtx_lib.o(.bss.os.thread.cb)
    os_idle_thread_cb                        0x200000c4   Data          68  rtx_lib.o(.bss.os.thread.cb)
    os_timer_thread_cb                       0x20000108   Data          68  rtx_lib.o(.bss.os.thread.cb)
    .bss.os.thread.stack                     0x20000150   Section      512  rtx_lib.o(.bss.os.thread.stack)
    os_idle_thread_stack                     0x20000150   Data         256  rtx_lib.o(.bss.os.thread.stack)
    os_timer_thread_stack                    0x20000250   Data         256  rtx_lib.o(.bss.os.thread.stack)
    .data                                    0x20000350   Section       24  main.o(.data)
    .data                                    0x20000368   Section        8  uart.o(.data)
    .data                                    0x20000370   Section        4  system_mkl25z4.o(.data)
    .bss                                     0x20000418   Section      536  uart.o(.bss)
    [Anonymous Symbol]                       0x20000630   Section        0  os_systick.o(.bss.PendST)
    PendST                                   0x20000630   Data           1  os_systick.o(.bss.PendST)
    STACK                                    0x20000638   Section      256  startup_mkl25z4.o(STACK)

    Global Symbols

    Symbol Name                              Value     Ov Type        Size  Object(Section)

    BuildAttributes$$THM_ISAv3M$S$PE$A:L22$X:L11$S22$IEEE1$IW$~IW$USESV6$~STKCKD$USESV7$~SHL$OTIME$ROPI$EBA8$MICROLIB$REQ8$PRES8$EABIv2 0x00000000   Number         0  anon$$obj.o ABSOLUTE
    __ARM_use_no_argv                        0x00000000   Number         0  main.o ABSOLUTE
    __Vectors                                0x00000000   Data           4  startup_mkl25z4.o(RESET)
    .bss.os.evflags.cb$$Base                  - Undefined Weak Reference
    .bss.os.evflags.cb$$Limit                 - Undefined Weak Reference
    .bss.os.mempool.cb$$Base                  - Undefined Weak Reference
    .bss.os.mempool.cb$$Limit                 - Undefined Weak Reference
    .bss.os.mutex.cb$$Base                    - Undefined Weak Reference
    .bss.os.mutex.cb$$Limit                   - Undefined Weak Reference
    .bss.os.semaphore.cb$$Base                - Undefined Weak Reference
    .bss.os.semaphore.cb$$Limit               - Undefined Weak Reference
    .bss.os.timer.cb$$Base                    - Undefined Weak Reference
    .bss.os.timer.cb$$Limit                   - Undefined Weak Reference
    __cpp_initialize__aeabi_                  - Undefined Weak Reference
    __cxa_finalize                            - Undefined Weak Reference
    _clock_init                               - Undefined Weak Reference
    _microlib_exit                            - Undefined Weak Reference
    __Vectors_End                            0x000000c0   Data           0  startup_mkl25z4.o(RESET)
    __Vectors_Size                           0x000000c0   Number         0  startup_mkl25z4.o ABSOLUTE
    __main                                   0x000000c1   Thumb Code     0  entry.o(.ARM.Collect$$$$00000000)
    _main_stk                                0x000000c1   Thumb Code     0  entry2.o(.ARM.Collect$$$$00000001)
    _main_scatterload                        0x000000c5   Thumb Code     0  entry5.o(.ARM.Collect$$$$00000004)
    __main_after_scatterload                 0x000000c9   Thumb Code     0  entry5.o(.ARM.Collect$$$$00000004)
    _main_clock                              0x000000c9   Thumb Code     0  entry7b.o(.ARM.Collect$$$$00000008)
    _main_cpp_init                           0x000000c9   Thumb Code     0  entry8b.o(.ARM.Collect$$$$0000000A)
    _main_init                               0x000000c9   Thumb Code     0  entry9a.o(.ARM.Collect$$$$0000000B)
    __rt_final_cpp                           0x000000d1   Thumb Code     0  entry10a.o(.ARM.Collect$$$$0000000D)
    __rt_final_exit                          0x000000d1   Thumb Code     0  entry11a.o(.ARM.Collect$$$$0000000F)
    Reset_Handler                            0x000000d5   Thumb Code    12  startup_mkl25z4.o(.text)
    NMI_Handler                              0x000000e1   Thumb Code     2  startup_mkl25z4.o(.text)
    HardFault_Handler                        0x000000e3   Thumb Code     2  startup_mkl25z4.o(.text)
    ADC0_IRQHandler                          0x000000eb   Thumb Code     0  startup_mkl25z4.o(.text)
    CMP0_IRQHandler                          0x000000eb   Thumb Code     0  startup_mkl25z4.o(.text)
    DAC0_IRQHandler                          0x000000eb   Thumb Code     0  startup_mkl25z4.o(.text)
    DMA0_IRQHandler                          0x000000eb   Thumb Code     0  startup_mkl25z4.o(.text)
    DMA1_IRQHandler                          0x000000eb   Thumb Code     0  startup_mkl25z4.o(.text)
    DMA2_IRQHandler                          0x000000eb   Thumb Code     0  startup_mkl25z4.o(.text)
    DMA3_IRQHandler                          0x000000eb   Thumb Code     0  startup_mkl25z4.o(.text)
    DefaultISR                               0x000000eb   Thumb Code     0  startup_mkl25z4.o(.text)
    FTFA_IRQHandler                          0x000000eb   Thumb Code     0  startup_mkl25z4.o(.text)
    I2C0_IRQHandler                          0x000000eb   Thumb Code     0  startup_mkl25z4.o(.text)
    I2C1_IRQHandler                          0x000000eb   Thumb Code     0  startup_mkl25z4.o(.text)
    LLWU_IRQHandler                          0x000000eb   Thumb Code     0  startup_mkl25z4.o(.text)
    LPTMR0_IRQHandler                        0x000000eb   Thumb Code     0  startup_mkl25z4.o(.text)
    LVD_LVW_IRQHandler                       0x000000eb   Thumb Code     0  startup_mkl25z4.o(.text)
    MCG_IRQHandler                           0x000000eb   Thumb Code     0  startup_mkl25z4.o(.text)
    PIT_IRQHandler                           0x000000eb   Thumb Code     0  startup_mkl25z4.o(.text)
    PORTA_IRQHandler                         0x000000eb   Thumb Code     0  startup_mkl25z4.o(.text)
    PORTD_IRQHandler                         0x000000eb   Thumb Code     0  startup_mkl25z4.o(.text)
    RTC_IRQHandler                           0x000000eb   Thumb Code     0  startup_mkl25z4.o(.text)
    RTC_Seconds_IRQHandler                   0x000000eb   Thumb Code     0  startup_mkl25z4.o(.text)
    Reserved20_IRQHandler                    0x000000eb   Thumb Code     0  startup_mkl25z4.o(.text)
    Reserved39_IRQHandler                    0x000000eb   Thumb Code     0  startup_mkl25z4.o(.text)
    Reserved45_IRQHandler                    0x000000eb   Thumb Code     0  startup_mkl25z4.o(.text)
    SPI0_IRQHandler                          0x000000eb   Thumb Code     0  startup_mkl25z4.o(.text)
    SPI1_IRQHandler                          0x000000eb   Thumb Code     0  startup_mkl25z4.o(.text)
    TPM0_IRQHandler                          0x000000eb   Thumb Code     0  startup_mkl25z4.o(.text)
    TPM1_IRQHandler                          0x000000eb   Thumb Code     0  startup_mkl25z4.o(.text)
    TPM2_IRQHandler                          0x000000eb   Thumb Code     0  startup_mkl25z4.o(.text)
    TSI0_IRQHandler                          0x000000eb   Thumb Code     0  startup_mkl25z4.o(.text)
    UART0_IRQHandler                         0x000000eb   Thumb Code     0  startup_mkl25z4.o(.text)
    UART1_IRQHandler                         0x000000eb   Thumb Code     0  startup_mkl25z4.o(.text)
    USB0_IRQHandler                          0x000000eb   Thumb Code     0  startup_mkl25z4.o(.text)
    SVC_Handler                              0x000000fd   Thumb Code   132  irq_cm0.o(.text)
    PendSV_Handler                           0x00000181   Thumb Code    12  irq_cm0.o(.text)
    SysTick_Handler                          0x0000018d   Thumb Code    12  irq_cm0.o(.text)
    __aeabi_uidiv                            0x000001a1   Thumb Code     0  uidiv.o(.text)
    __aeabi_uidivmod                         0x000001a1   Thumb Code    44  uidiv.o(.text)
    __aeabi_memcpy                           0x000001cd   Thumb Code    36  memcpya.o(.text)
    __aeabi_memcpy4                          0x000001cd   Thumb Code     0  memcpya.o(.text)
    __aeabi_memcpy8                          0x000001cd   Thumb Code     0  memcpya.o(.text)
    __aeabi_memset                           0x000001f1   Thumb Code    14  memseta.o(.text)
    __aeabi_memset4                          0x000001f1   Thumb Code     0  memseta.o(.text)
    __aeabi_memset8                          0x000001f1   Thumb Code     0  memseta.o(.text)
    __aeabi_memclr                           0x000001ff   Thumb Code     4  memseta.o(.text)
    __aeabi_memclr4                          0x000001ff   Thumb Code     0  memseta.o(.text)
    __aeabi_memclr8                          0x000001ff   Thumb Code     0  memseta.o(.text)
    _memset$wrapper                          0x00000203   Thumb Code    18  memseta.o(.text)
    __aeabi_fadd                             0x00000215   Thumb Code   162  fadd.o(.text)
    __aeabi_fsub                             0x000002b7   Thumb Code     8  fadd.o(.text)
    __aeabi_frsub                            0x000002bf   Thumb Code     8  fadd.o(.text)
    __aeabi_dmul                             0x000002c9   Thumb Code   202  dmul.o(.text)
    __aeabi_i2d                              0x00000399   Thumb Code    34  dflti.o(.text)
    __aeabi_f2iz                             0x000003c1   Thumb Code    50  ffixi.o(.text)
    __I$use$fp                               0x000003f3   Thumb Code     0  iusefp.o(.text)
    OS_Tick_AcknowledgeIRQ                   0x000003f5   Thumb Code    12  os_systick.o(.text.OS_Tick_AcknowledgeIRQ)
    __aeabi_dadd                             0x00000411   Thumb Code   328  dadd.o(.text)
    __aeabi_dsub                             0x00000559   Thumb Code    12  dadd.o(.text)
    __aeabi_drsub                            0x00000565   Thumb Code    12  dadd.o(.text)
    __aeabi_ddiv                             0x00000575   Thumb Code   234  ddiv.o(.text)
    __aeabi_d2iz                             0x00000665   Thumb Code    62  dfixi.o(.text)
    __aeabi_d2uiz                            0x000006ad   Thumb Code    50  dfixui.o(.text)
    __aeabi_d2f                              0x000006e9   Thumb Code    56  d2f.o(.text)
    __aeabi_cfcmpeq                          0x00000721   Thumb Code     0  cfcmple.o(.text)
    __aeabi_cfcmple                          0x00000721   Thumb Code    20  cfcmple.o(.text)
    __aeabi_cfrcmple                         0x00000735   Thumb Code    20  cfrcmple.o(.text)
    __aeabi_llsl                             0x00000749   Thumb Code    32  llshl.o(.text)
    _ll_shift_l                              0x00000749   Thumb Code     0  llshl.o(.text)
    __aeabi_llsr                             0x00000769   Thumb Code    34  llushr.o(.text)
    _ll_ushift_r                             0x00000769   Thumb Code     0  llushr.o(.text)
    __aeabi_lasr                             0x0000078b   Thumb Code    38  llsshr.o(.text)
    _ll_sshift_r                             0x0000078b   Thumb Code     0  llsshr.o(.text)
    _float_round                             0x000007b1   Thumb Code    16  fepilogue.o(.text)
    _float_epilogue                          0x000007c1   Thumb Code   114  fepilogue.o(.text)
    _double_round                            0x00000833   Thumb Code    26  depilogue.o(.text)
    _double_epilogue                         0x0000084d   Thumb Code   164  depilogue.o(.text)
    __scatterload                            0x000008f1   Thumb Code    28  init.o(.text)
    __scatterload_rt2                        0x000008f1   Thumb Code     0  init.o(.text)
    __decompress                             0x00000915   Thumb Code     0  __dczerorl.o(.text)
    __decompress0                            0x00000915   Thumb Code    58  __dczerorl.o(.text)
    OS_Tick_Enable                           0x00000a1d   Thumb Code    44  os_systick.o(.text.OS_Tick_Enable)
    OS_Tick_GetIRQn                          0x00000a49   Thumb Code     6  os_systick.o(.text.OS_Tick_GetIRQn)
    OS_Tick_Setup                            0x00000a51   Thumb Code    76  os_systick.o(.text.OS_Tick_Setup)
    osDelay                                  0x00000b81   Thumb Code    40  rtx_delay.o(.text.osDelay)
    osKernelInitialize                       0x00000ba9   Thumb Code    40  rtx_kernel.o(.text.osKernelInitialize)
    osKernelStart                            0x00000bd1   Thumb Code    36  rtx_kernel.o(.text.osKernelStart)
    osMessageQueueGet                        0x00000bf5   Thumb Code   116  rtx_msgqueue.o(.text.osMessageQueueGet)
    osMessageQueueNew                        0x00000c69   Thumb Code    36  rtx_msgqueue.o(.text.osMessageQueueNew)
    osMessageQueuePut                        0x00000c8d   Thumb Code   120  rtx_msgqueue.o(.text.osMessageQueuePut)
    osRtxKernelPreInit                       0x00000d05   Thumb Code     2  rtx_kernel.o(.text.osRtxKernelPreInit)
    osRtxMemoryAlloc                         0x00000d07   Thumb Code   124  rtx_memory.o(.text.osRtxMemoryAlloc)
    osRtxMemoryFree                          0x00000d83   Thumb Code    78  rtx_memory.o(.text.osRtxMemoryFree)
    osRtxMemoryInit                          0x00000dd1   Thumb Code    50  rtx_memory.o(.text.osRtxMemoryInit)
    osRtxMemoryPoolAlloc                     0x00000e03   Thumb Code    46  rtx_mempool.o(.text.osRtxMemoryPoolAlloc)
    osRtxMemoryPoolFree                      0x00000e31   Thumb Code    58  rtx_mempool.o(.text.osRtxMemoryPoolFree)
    osRtxMemoryPoolInit                      0x00000e6b   Thumb Code    62  rtx_mempool.o(.text.osRtxMemoryPoolInit)
    osRtxMutexOwnerRelease                   0x00000f65   Thumb Code    68  rtx_mutex.o(.text.osRtxMutexOwnerRelease)
    osRtxPendSV_Handler                      0x00000fa9   Thumb Code   128  rtx_system.o(.text.osRtxPendSV_Handler)
    osRtxPostProcess                         0x00001029   Thumb Code   108  rtx_system.o(.text.osRtxPostProcess)
    osRtxThreadDelayTick                     0x000011b5   Thumb Code    56  rtx_thread.o(.text.osRtxThreadDelayTick)
    osRtxThreadDispatch                      0x000011ed   Thumb Code    80  rtx_thread.o(.text.osRtxThreadDispatch)
    osRtxThreadListGet                       0x00001291   Thumb Code    20  rtx_thread.o(.text.osRtxThreadListGet)
    osRtxThreadListPut                       0x000012a5   Thumb Code    44  rtx_thread.o(.text.osRtxThreadListPut)
    osRtxThreadListRemove                    0x000012d1   Thumb Code    24  rtx_thread.o(.text.osRtxThreadListRemove)
    osRtxThreadReadyPut                      0x00001311   Thumb Code    24  rtx_thread.o(.text.osRtxThreadReadyPut)
    osRtxThreadRegPtr                        0x00001329   Thumb Code     6  rtx_thread.o(.text.osRtxThreadRegPtr)
    osRtxThreadStackCheck                    0x00001331   Thumb Code    44  rtx_thread.o(.text.osRtxThreadStackCheck)
    osRtxThreadStartup                       0x0000135d   Thumb Code    64  rtx_thread.o(.text.osRtxThreadStartup)
    osRtxThreadSwitch                        0x0000139d   Thumb Code    20  rtx_thread.o(.text.osRtxThreadSwitch)
    osRtxThreadWaitEnter                     0x000013b1   Thumb Code    60  rtx_thread.o(.text.osRtxThreadWaitEnter)
    osRtxThreadWaitExit                      0x000013ed   Thumb Code    34  rtx_thread.o(.text.osRtxThreadWaitExit)
    osRtxTick_Handler                        0x00001411   Thumb Code   116  rtx_system.o(.text.osRtxTick_Handler)
    osRtxTimerThread                         0x00001485   Thumb Code    60  rtx_timer.o(.text.osRtxTimerThread)
    osSemaphoreAcquire                       0x00001521   Thumb Code    68  rtx_semaphore.o(.text.osSemaphoreAcquire)
    osSemaphoreNew                           0x00001565   Thumb Code    36  rtx_semaphore.o(.text.osSemaphoreNew)
    osSemaphoreRelease                       0x00001589   Thumb Code    76  rtx_semaphore.o(.text.osSemaphoreRelease)
    osThreadExit                             0x000015d5   Thumb Code    12  rtx_thread.o(.text.osThreadExit)
    osThreadFlagsSet                         0x000015e1   Thumb Code    88  rtx_thread.o(.text.osThreadFlagsSet)
    osThreadFlagsWait                        0x00001639   Thumb Code    40  rtx_thread.o(.text.osThreadFlagsWait)
    osThreadNew                              0x00001661   Thumb Code    36  rtx_thread.o(.text.osThreadNew)
    Q_Dequeue                                0x0000200d   Thumb Code    70  uart.o(i.Q_Dequeue)
    Q_Empty                                  0x00002053   Thumb Code    20  uart.o(i.Q_Empty)
    Q_Enqueue                                0x00002067   Thumb Code    60  uart.o(i.Q_Enqueue)
    Q_Full                                   0x000020a3   Thumb Code    24  uart.o(i.Q_Full)
    Q_Init                                   0x000020bb   Thumb Code    32  uart.o(i.Q_Init)
    SystemCoreClockUpdate                    0x000020dd   Thumb Code   372  system_mkl25z4.o(i.SystemCoreClockUpdate)
    SystemInit                               0x0000226d   Thumb Code   266  system_mkl25z4.o(i.SystemInit)
    UART2_IRQHandler                         0x000023a5   Thumb Code    60  uart.o(i.UART2_IRQHandler)
    __ARM_clz                                0x000023ed   Thumb Code    46  depilogue.o(i.__ARM_clz)
    __ARM_common_switch8                     0x0000241b   Thumb Code    28  buzzer.o(i.__ARM_common_switch8)
    __scatterload_copy                       0x000024c9   Thumb Code    14  handlers.o(i.__scatterload_copy)
    __scatterload_null                       0x000024d7   Thumb Code     2  handlers.o(i.__scatterload_null)
    __scatterload_zeroinit                   0x000024d9   Thumb Code    14  handlers.o(i.__scatterload_zeroinit)
    decode_motor_control                     0x000024e7   Thumb Code   130  motor.o(i.decode_motor_control)
    frequency_to_MOD                         0x00002569   Thumb Code    58  buzzer.o(i.frequency_to_MOD)
    green_led_thread                         0x000025b1   Thumb Code   106  led.o(i.green_led_thread)
    initBuzzerPWM                            0x0000262d   Thumb Code   146  buzzer.o(i.initBuzzerPWM)
    initLED                                  0x000026cd   Thumb Code   288  led.o(i.initLED)
    initMotorPWM                             0x00002805   Thumb Code   312  motor.o(i.initMotorPWM)
    initUART2                                0x0000294d   Thumb Code   198  uart.o(i.initUART2)
    main                                     0x00002a31   Thumb Code   142  main.o(i.main)
    movement_master_control                  0x00002ae9   Thumb Code   216  motor.o(i.movement_master_control)
    osRtxErrorNotify                         0x00002bd1   Thumb Code    32  rtx_config.o(i.osRtxErrorNotify)
    osRtxIdleThread                          0x00002bf1   Thumb Code     4  rtx_config.o(i.osRtxIdleThread)
    play_note                                0x00002bf5   Thumb Code   136  buzzer.o(i.play_note)
    play_tune                                0x00002c95   Thumb Code    24  buzzer.o(i.play_tune)
    red_led_thread                           0x00002cad   Thumb Code    92  led.o(i.red_led_thread)
    tAudio                                   0x00002d15   Thumb Code    32  buzzer.o(i.tAudio)
    tBrain                                   0x00002d39   Thumb Code    32  main.o(i.tBrain)
    tMotor                                   0x00002d65   Thumb Code    40  main.o(i.tMotor)
    tUART                                    0x00002d91   Thumb Code   126  main.o(i.tUART)
    melody                                   0x00002e84   Data          26  buzzer.o(.constdata)
    osRtxUserSVC                             0x00002f00   Data           4  rtx_lib.o(.constdata)
    osRtxConfig                              0x00002f04   Data         104  rtx_lib.o(.rodata)
    os_cb_sections                           0x00002f6c   Data          56  rtx_lib.o(.rodata)
    Region$$Table$$Base                      0x00002fb0   Number         0  anon$$obj.o(Region$$Table)
    Region$$Table$$Limit                     0x00002fd0   Number         0  anon$$obj.o(Region$$Table)
    .bss.os.msgqueue.cb$$Base                0x20000040   Number         0  rtx_lib.o(.bss.os.msgqueue.cb)
    .bss.os.msgqueue.cb$$Limit               0x20000074   Number         0  rtx_lib.o(.bss.os.msgqueue.cb)
    .bss.os.thread.cb$$Base                  0x200000c4   Number         0  rtx_lib.o(.bss.os.thread.cb)
    .bss.os.thread.cb$$Limit                 0x2000014c   Number         0  rtx_lib.o(.bss.os.thread.cb)
    motorCommandQueue                        0x20000350   Data           4  main.o(.data)
    red_led_message_queue                    0x20000354   Data           4  main.o(.data)
    green_led_message_queue                  0x20000358   Data           4  main.o(.data)
    play_buzzer_Id                           0x2000035c   Data           4  main.o(.data)
    endRun                                   0x20000360   Data           1  main.o(.data)
    isRunning                                0x20000364   Data           4  main.o(.data)
    rx_IRQ_data                              0x20000368   Data           1  uart.o(.data)
    sem_uartRx                               0x2000036c   Data           4  uart.o(.data)
    SystemCoreClock                          0x20000370   Data           4  system_mkl25z4.o(.data)
    osRtxInfo                                0x20000374   Data         164  rtx_kernel.o(.data.os)
    tx_q                                     0x20000418   Data         268  uart.o(.bss)
    rx_q                                     0x20000524   Data         268  uart.o(.bss)
    __initial_sp                             0x20000738   Data           0  startup_mkl25z4.o(STACK)



==============================================================================

Memory Map of the image

  Image Entry point : 0x000000d5

  Load Region LR_1 (Base: 0x00000000, Size: 0x000043e8, Max: 0xffffffff, ABSOLUTE, COMPRESSED[0x00003004])

    Execution Region ER_RO (Exec base: 0x00000000, Load base: 0x00000000, Size: 0x00002fd0, Max: 0xffffffff, ABSOLUTE)

    Exec Addr    Load Addr    Size         Type   Attr      Idx    E Section Name        Object

    0x00000000   0x00000000   0x000000c0   Data   RO          394    RESET               startup_mkl25z4.o
    0x000000c0   0x000000c0   0x00000000   Code   RO          937  * .ARM.Collect$$$$00000000  mc_p.l(entry.o)
    0x000000c0   0x000000c0   0x00000004   Code   RO          970    .ARM.Collect$$$$00000001  mc_p.l(entry2.o)
    0x000000c4   0x000000c4   0x00000004   Code   RO          973    .ARM.Collect$$$$00000004  mc_p.l(entry5.o)
    0x000000c8   0x000000c8   0x00000000   Code   RO          975    .ARM.Collect$$$$00000008  mc_p.l(entry7b.o)
    0x000000c8   0x000000c8   0x00000000   Code   RO          977    .ARM.Collect$$$$0000000A  mc_p.l(entry8b.o)
    0x000000c8   0x000000c8   0x00000008   Code   RO          978    .ARM.Collect$$$$0000000B  mc_p.l(entry9a.o)
    0x000000d0   0x000000d0   0x00000000   Code   RO          980    .ARM.Collect$$$$0000000D  mc_p.l(entry10a.o)
    0x000000d0   0x000000d0   0x00000000   Code   RO          982    .ARM.Collect$$$$0000000F  mc_p.l(entry11a.o)
    0x000000d0   0x000000d0   0x00000004   Code   RO          971    .ARM.Collect$$$$00002712  mc_p.l(entry2.o)
    0x000000d4   0x000000d4   0x00000028   Code   RO          396  * .text               startup_mkl25z4.o
    0x000000fc   0x000000fc   0x000000a4   Code   RO          746    .text               RTX_CM0.lib(irq_cm0.o)
    0x000001a0   0x000001a0   0x0000002c   Code   RO          940    .text               mc_p.l(uidiv.o)
    0x000001cc   0x000001cc   0x00000024   Code   RO          942    .text               mc_p.l(memcpya.o)
    0x000001f0   0x000001f0   0x00000024   Code   RO          944    .text               mc_p.l(memseta.o)
    0x00000214   0x00000214   0x000000b2   Code   RO          948    .text               mf_p.l(fadd.o)
    0x000002c6   0x000002c6   0x00000002   PAD
    0x000002c8   0x000002c8   0x000000d0   Code   RO          952    .text               mf_p.l(dmul.o)
    0x00000398   0x00000398   0x00000028   Code   RO          956    .text               mf_p.l(dflti.o)
    0x000003c0   0x000003c0   0x00000032   Code   RO          958    .text               mf_p.l(ffixi.o)
    0x000003f2   0x000003f2   0x00000000   Code   RO          990    .text               mc_p.l(iusefp.o)
    0x000003f2   0x000003f2   0x00000002   PAD
    0x000003f4   0x000003f4   0x0000000c   Code   RO          916    .text.OS_Tick_AcknowledgeIRQ  RTX_CM0.lib(os_systick.o)
    0x00000400   0x00000400   0x00000010   Code   RO          395    .ARM.__at_0x400     startup_mkl25z4.o
    0x00000410   0x00000410   0x00000164   Code   RO          950    .text               mf_p.l(dadd.o)
    0x00000574   0x00000574   0x000000f0   Code   RO          954    .text               mf_p.l(ddiv.o)
    0x00000664   0x00000664   0x00000048   Code   RO          960    .text               mf_p.l(dfixi.o)
    0x000006ac   0x000006ac   0x0000003c   Code   RO          962    .text               mf_p.l(dfixui.o)
    0x000006e8   0x000006e8   0x00000038   Code   RO          964    .text               mf_p.l(d2f.o)
    0x00000720   0x00000720   0x00000014   Code   RO          966    .text               mf_p.l(cfcmple.o)
    0x00000734   0x00000734   0x00000014   Code   RO          968    .text               mf_p.l(cfrcmple.o)
    0x00000748   0x00000748   0x00000020   Code   RO          984    .text               mc_p.l(llshl.o)
    0x00000768   0x00000768   0x00000022   Code   RO          986    .text               mc_p.l(llushr.o)
    0x0000078a   0x0000078a   0x00000026   Code   RO          988    .text               mc_p.l(llsshr.o)
    0x000007b0   0x000007b0   0x00000082   Code   RO          991    .text               mf_p.l(fepilogue.o)
    0x00000832   0x00000832   0x000000be   Code   RO          993    .text               mf_p.l(depilogue.o)
    0x000008f0   0x000008f0   0x00000024   Code   RO          997    .text               mc_p.l(init.o)
    0x00000914   0x00000914   0x0000003a   Code   RO         1007    .text               mc_p.l(__dczerorl.o)
    0x0000094e   0x0000094e   0x0000004c   Code   RO          729    .text.MessageQueueGet  RTX_CM0.lib(rtx_msgqueue.o)
    0x0000099a   0x0000099a   0x00000062   Code   RO          723    .text.MessageQueuePut  RTX_CM0.lib(rtx_msgqueue.o)
    0x000009fc   0x000009fc   0x0000001e   Code   RO          721    .text.MessageQueueRemove  RTX_CM0.lib(rtx_msgqueue.o)
    0x00000a1a   0x00000a1a   0x00000002   PAD
    0x00000a1c   0x00000a1c   0x0000002c   Code   RO          912    .text.OS_Tick_Enable  RTX_CM0.lib(os_systick.o)
    0x00000a48   0x00000a48   0x00000006   Code   RO          918    .text.OS_Tick_GetIRQn  RTX_CM0.lib(os_systick.o)
    0x00000a4e   0x00000a4e   0x00000002   PAD
    0x00000a50   0x00000a50   0x0000004c   Code   RO          910    .text.OS_Tick_Setup  RTX_CM0.lib(os_systick.o)
    0x00000a9c   0x00000a9c   0x00000024   Code   RO          668    .text.SemaphoreTokenDecrement  RTX_CM0.lib(rtx_semaphore.o)
    0x00000ac0   0x00000ac0   0x00000026   Code   RO          674    .text.SemaphoreTokenIncrement  RTX_CM0.lib(rtx_semaphore.o)
    0x00000ae6   0x00000ae6   0x0000004e   Code   RO          580    .text.ThreadFlagsCheck  RTX_CM0.lib(rtx_thread.o)
    0x00000b34   0x00000b34   0x0000004c   Code   RO          767    .text.TimerInsert   RTX_CM0.lib(rtx_timer.o)
    0x00000b80   0x00000b80   0x00000028   Code   RO          633    .text.osDelay       RTX_CM0.lib(rtx_delay.o)
    0x00000ba8   0x00000ba8   0x00000028   Code   RO          437    .text.osKernelInitialize  RTX_CM0.lib(rtx_kernel.o)
    0x00000bd0   0x00000bd0   0x00000024   Code   RO          447    .text.osKernelStart  RTX_CM0.lib(rtx_kernel.o)
    0x00000bf4   0x00000bf4   0x00000074   Code   RO          695    .text.osMessageQueueGet  RTX_CM0.lib(rtx_msgqueue.o)
    0x00000c68   0x00000c68   0x00000024   Code   RO          689    .text.osMessageQueueNew  RTX_CM0.lib(rtx_msgqueue.o)
    0x00000c8c   0x00000c8c   0x00000078   Code   RO          693    .text.osMessageQueuePut  RTX_CM0.lib(rtx_msgqueue.o)
    0x00000d04   0x00000d04   0x00000002   Code   RO          435    .text.osRtxKernelPreInit  RTX_CM0.lib(rtx_kernel.o)
    0x00000d06   0x00000d06   0x0000007c   Code   RO          829    .text.osRtxMemoryAlloc  RTX_CM0.lib(rtx_memory.o)
    0x00000d82   0x00000d82   0x0000004e   Code   RO          831    .text.osRtxMemoryFree  RTX_CM0.lib(rtx_memory.o)
    0x00000dd0   0x00000dd0   0x00000032   Code   RO          827    .text.osRtxMemoryInit  RTX_CM0.lib(rtx_memory.o)
    0x00000e02   0x00000e02   0x0000002e   Code   RO          844    .text.osRtxMemoryPoolAlloc  RTX_CM0.lib(rtx_mempool.o)
    0x00000e30   0x00000e30   0x0000003a   Code   RO          846    .text.osRtxMemoryPoolFree  RTX_CM0.lib(rtx_mempool.o)
    0x00000e6a   0x00000e6a   0x0000003e   Code   RO          842    .text.osRtxMemoryPoolInit  RTX_CM0.lib(rtx_mempool.o)
    0x00000ea8   0x00000ea8   0x000000bc   Code   RO          719    .text.osRtxMessageQueuePostProcess  RTX_CM0.lib(rtx_msgqueue.o)
    0x00000f64   0x00000f64   0x00000044   Code   RO          792    .text.osRtxMutexOwnerRelease  RTX_CM0.lib(rtx_mutex.o)
    0x00000fa8   0x00000fa8   0x00000080   Code   RO          897    .text.osRtxPendSV_Handler  RTX_CM0.lib(rtx_system.o)
    0x00001028   0x00001028   0x0000006c   Code   RO          899    .text.osRtxPostProcess  RTX_CM0.lib(rtx_system.o)
    0x00001094   0x00001094   0x00000024   Code   RO          666    .text.osRtxSemaphorePostProcess  RTX_CM0.lib(rtx_semaphore.o)
    0x000010b8   0x000010b8   0x00000038   Code   RO          520    .text.osRtxThreadBlock  RTX_CM0.lib(rtx_thread.o)
    0x000010f0   0x000010f0   0x00000080   Code   RO          528    .text.osRtxThreadDelayInsert  RTX_CM0.lib(rtx_thread.o)
    0x00001170   0x00001170   0x00000044   Code   RO          524    .text.osRtxThreadDelayRemove  RTX_CM0.lib(rtx_thread.o)
    0x000011b4   0x000011b4   0x00000038   Code   RO          510    .text.osRtxThreadDelayTick  RTX_CM0.lib(rtx_thread.o)
    0x000011ec   0x000011ec   0x00000050   Code   RO          518    .text.osRtxThreadDispatch  RTX_CM0.lib(rtx_thread.o)
    0x0000123c   0x0000123c   0x00000054   Code   RO          604    .text.osRtxThreadFree  RTX_CM0.lib(rtx_thread.o)
    0x00001290   0x00001290   0x00000014   Code   RO          502    .text.osRtxThreadListGet  RTX_CM0.lib(rtx_thread.o)
    0x000012a4   0x000012a4   0x0000002c   Code   RO          500    .text.osRtxThreadListPut  RTX_CM0.lib(rtx_thread.o)
    0x000012d0   0x000012d0   0x00000018   Code   RO          506    .text.osRtxThreadListRemove  RTX_CM0.lib(rtx_thread.o)
    0x000012e8   0x000012e8   0x00000026   Code   RO          578    .text.osRtxThreadPostProcess  RTX_CM0.lib(rtx_thread.o)
    0x0000130e   0x0000130e   0x00000002   PAD
    0x00001310   0x00001310   0x00000018   Code   RO          508    .text.osRtxThreadReadyPut  RTX_CM0.lib(rtx_thread.o)
    0x00001328   0x00001328   0x00000006   Code   RO          512    .text.osRtxThreadRegPtr  RTX_CM0.lib(rtx_thread.o)
    0x0000132e   0x0000132e   0x00000002   PAD
    0x00001330   0x00001330   0x0000002c   Code   RO          516    .text.osRtxThreadStackCheck  RTX_CM0.lib(rtx_thread.o)
    0x0000135c   0x0000135c   0x00000040   Code   RO          530    .text.osRtxThreadStartup  RTX_CM0.lib(rtx_thread.o)
    0x0000139c   0x0000139c   0x00000014   Code   RO          514    .text.osRtxThreadSwitch  RTX_CM0.lib(rtx_thread.o)
    0x000013b0   0x000013b0   0x0000003c   Code   RO          526    .text.osRtxThreadWaitEnter  RTX_CM0.lib(rtx_thread.o)
    0x000013ec   0x000013ec   0x00000022   Code   RO          522    .text.osRtxThreadWaitExit  RTX_CM0.lib(rtx_thread.o)
    0x0000140e   0x0000140e   0x00000002   PAD
    0x00001410   0x00001410   0x00000074   Code   RO          895    .text.osRtxTick_Handler  RTX_CM0.lib(rtx_system.o)
    0x00001484   0x00001484   0x0000003c   Code   RO          751    .text.osRtxTimerThread  RTX_CM0.lib(rtx_timer.o)
    0x000014c0   0x000014c0   0x00000060   Code   RO          753    .text.osRtxTimerTick  RTX_CM0.lib(rtx_timer.o)
    0x00001520   0x00001520   0x00000044   Code   RO          654    .text.osSemaphoreAcquire  RTX_CM0.lib(rtx_semaphore.o)
    0x00001564   0x00001564   0x00000024   Code   RO          650    .text.osSemaphoreNew  RTX_CM0.lib(rtx_semaphore.o)
    0x00001588   0x00001588   0x0000004c   Code   RO          656    .text.osSemaphoreRelease  RTX_CM0.lib(rtx_semaphore.o)
    0x000015d4   0x000015d4   0x0000000c   Code   RO          562    .text.osThreadExit  RTX_CM0.lib(rtx_thread.o)
    0x000015e0   0x000015e0   0x00000058   Code   RO          570    .text.osThreadFlagsSet  RTX_CM0.lib(rtx_thread.o)
    0x00001638   0x00001638   0x00000028   Code   RO          576    .text.osThreadFlagsWait  RTX_CM0.lib(rtx_thread.o)
    0x00001660   0x00001660   0x00000024   Code   RO          534    .text.osThreadNew   RTX_CM0.lib(rtx_thread.o)
    0x00001684   0x00001684   0x00000012   Code   RO          637    .text.svcRtxDelay   RTX_CM0.lib(rtx_delay.o)
    0x00001696   0x00001696   0x00000002   PAD
    0x00001698   0x00001698   0x00000148   Code   RO          475    .text.svcRtxKernelInitialize  RTX_CM0.lib(rtx_kernel.o)
    0x000017e0   0x000017e0   0x00000084   Code   RO          477    .text.svcRtxKernelStart  RTX_CM0.lib(rtx_kernel.o)
    0x00001864   0x00001864   0x000000e8   Code   RO          731    .text.svcRtxMessageQueueGet  RTX_CM0.lib(rtx_msgqueue.o)
    0x0000194c   0x0000194c   0x000001e4   Code   RO          717    .text.svcRtxMessageQueueNew  RTX_CM0.lib(rtx_msgqueue.o)
    0x00001b30   0x00001b30   0x000000bc   Code   RO          727    .text.svcRtxMessageQueuePut  RTX_CM0.lib(rtx_msgqueue.o)
    0x00001bec   0x00001bec   0x0000004c   Code   RO          672    .text.svcRtxSemaphoreAcquire  RTX_CM0.lib(rtx_semaphore.o)
    0x00001c38   0x00001c38   0x00000088   Code   RO          664    .text.svcRtxSemaphoreNew  RTX_CM0.lib(rtx_semaphore.o)
    0x00001cc0   0x00001cc0   0x00000038   Code   RO          676    .text.svcRtxSemaphoreRelease  RTX_CM0.lib(rtx_semaphore.o)
    0x00001cf8   0x00001cf8   0x0000006c   Code   RO          608    .text.svcRtxThreadExit  RTX_CM0.lib(rtx_thread.o)
    0x00001d64   0x00001d64   0x0000006c   Code   RO          616    .text.svcRtxThreadFlagsSet  RTX_CM0.lib(rtx_thread.o)
    0x00001dd0   0x00001dd0   0x00000050   Code   RO          622    .text.svcRtxThreadFlagsWait  RTX_CM0.lib(rtx_thread.o)
    0x00001e20   0x00001e20   0x000001ec   Code   RO          532    .text.svcRtxThreadNew  RTX_CM0.lib(rtx_thread.o)
    0x0000200c   0x0000200c   0x00000046   Code   RO          198    i.Q_Dequeue         uart.o
    0x00002052   0x00002052   0x00000014   Code   RO          199    i.Q_Empty           uart.o
    0x00002066   0x00002066   0x0000003c   Code   RO          200    i.Q_Enqueue         uart.o
    0x000020a2   0x000020a2   0x00000018   Code   RO          201    i.Q_Full            uart.o
    0x000020ba   0x000020ba   0x00000020   Code   RO          202    i.Q_Init            uart.o
    0x000020da   0x000020da   0x00000002   PAD
    0x000020dc   0x000020dc   0x00000190   Code   RO          404    i.SystemCoreClockUpdate  system_mkl25z4.o
    0x0000226c   0x0000226c   0x00000138   Code   RO          405    i.SystemInit        system_mkl25z4.o
    0x000023a4   0x000023a4   0x00000048   Code   RO          203    i.UART2_IRQHandler  uart.o
    0x000023ec   0x000023ec   0x0000002e   Code   RO          995    i.__ARM_clz         mf_p.l(depilogue.o)
    0x0000241a   0x0000241a   0x0000001c   Code   RO          191    i.__ARM_common_switch8  buzzer.o
    0x00002436   0x00002436   0x00000002   PAD
    0x00002438   0x00002438   0x00000018   Code   RO          206    i.__NVIC_ClearPendingIRQ  uart.o
    0x00002450   0x00002450   0x00000078   Code   RO          207    i.__NVIC_SetPriority  uart.o
    0x000024c8   0x000024c8   0x0000000e   Code   RO         1001    i.__scatterload_copy  mc_p.l(handlers.o)
    0x000024d6   0x000024d6   0x00000002   Code   RO         1002    i.__scatterload_null  mc_p.l(handlers.o)
    0x000024d8   0x000024d8   0x0000000e   Code   RO         1003    i.__scatterload_zeroinit  mc_p.l(handlers.o)
    0x000024e6   0x000024e6   0x00000082   Code   RO          286    i.decode_motor_control  motor.o
    0x00002568   0x00002568   0x00000048   Code   RO          149    i.frequency_to_MOD  buzzer.o
    0x000025b0   0x000025b0   0x0000007c   Code   RO          101    i.green_led_thread  led.o
    0x0000262c   0x0000262c   0x000000a0   Code   RO          150    i.initBuzzerPWM     buzzer.o
    0x000026cc   0x000026cc   0x00000138   Code   RO          102    i.initLED           led.o
    0x00002804   0x00002804   0x00000148   Code   RO          287    i.initMotorPWM      motor.o
    0x0000294c   0x0000294c   0x000000e4   Code   RO          208    i.initUART2         uart.o
    0x00002a30   0x00002a30   0x000000b8   Code   RO            4    i.main              main.o
    0x00002ae8   0x00002ae8   0x000000e8   Code   RO          288    i.movement_master_control  motor.o
    0x00002bd0   0x00002bd0   0x00000020   Code   RO          364    i.osRtxErrorNotify  rtx_config.o
    0x00002bf0   0x00002bf0   0x00000004   Code   RO          365    i.osRtxIdleThread   rtx_config.o
    0x00002bf4   0x00002bf4   0x000000a0   Code   RO          151    i.play_note         buzzer.o
    0x00002c94   0x00002c94   0x00000018   Code   RO          152    i.play_tune         buzzer.o
    0x00002cac   0x00002cac   0x00000068   Code   RO          104    i.red_led_thread    led.o
    0x00002d14   0x00002d14   0x00000024   Code   RO          153    i.tAudio            buzzer.o
    0x00002d38   0x00002d38   0x0000002c   Code   RO            5    i.tBrain            main.o
    0x00002d64   0x00002d64   0x0000002c   Code   RO            6    i.tMotor            main.o
    0x00002d90   0x00002d90   0x00000098   Code   RO            7    i.tUART             main.o
    0x00002e28   0x00002e28   0x0000005c   Data   RO          105    .constdata          led.o
    0x00002e84   0x00002e84   0x0000001a   Data   RO          154    .constdata          buzzer.o
    0x00002e9e   0x00002e9e   0x00000002   PAD
    0x00002ea0   0x00002ea0   0x00000064   Data   RO          334    .constdata          rtx_lib.o
    0x00002f04   0x00002f04   0x000000a0   Data   RO          336    .rodata             rtx_lib.o
    0x00002fa4   0x00002fa4   0x0000000b   Data   RO          489    .rodata.str1.4      RTX_CM0.lib(rtx_kernel.o)
    0x00002faf   0x00002faf   0x00000001   PAD
    0x00002fb0   0x00002fb0   0x00000020   Data   RO          999    Region$$Table       anon$$obj.o


    Execution Region ER_RW (Exec base: 0x1ffff000, Load base: 0x00002fd0, Size: 0x00001418, Max: 0xffffffff, ABSOLUTE, COMPRESSED[0x00000034])

    Exec Addr    Load Addr    Size         Type   Attr      Idx    E Section Name        Object

    0x1ffff000   COMPRESSED   0x00001040   Data   RW          329    .bss.os             rtx_lib.o
    0x20000040   COMPRESSED   0x00000034   Data   RW          330    .bss.os.msgqueue.cb  rtx_lib.o
    0x20000074   COMPRESSED   0x00000050   Data   RW          331    .bss.os.msgqueue.mem  rtx_lib.o
    0x200000c4   COMPRESSED   0x00000088   Data   RW          332    .bss.os.thread.cb   rtx_lib.o
    0x2000014c   COMPRESSED   0x00000004   PAD
    0x20000150   COMPRESSED   0x00000200   Data   RW          333    .bss.os.thread.stack  rtx_lib.o
    0x20000350   COMPRESSED   0x00000018   Data   RW            8    .data               main.o
    0x20000368   COMPRESSED   0x00000008   Data   RW          210    .data               uart.o
    0x20000370   COMPRESSED   0x00000004   Data   RW          406    .data               system_mkl25z4.o
    0x20000374   COMPRESSED   0x000000a4   Data   RW          490    .data.os            RTX_CM0.lib(rtx_kernel.o)


    Execution Region ER_ZI (Exec base: 0x20000418, Load base: 0x00003004, Size: 0x00000320, Max: 0xffffffff, ABSOLUTE)

    Exec Addr    Load Addr    Size         Type   Attr      Idx    E Section Name        Object

    0x20000418        -       0x00000218   Zero   RW          209    .bss                uart.o
    0x20000630        -       0x00000001   Zero   RW          928    .bss.PendST         RTX_CM0.lib(os_systick.o)
    0x20000631   0x00003004   0x00000007   PAD
    0x20000638        -       0x00000100   Zero   RW          392    STACK               startup_mkl25z4.o


==============================================================================

Image component sizes


      Code (inc. data)   RO Data    RW Data    ZI Data      Debug   Object Name

       480         66         26          0          0       3101   buzzer.o
       540         54         92          0          0       2162   led.o
       424         84          0         24          0     223434   main.o
       690         32          0          0          0       3376   motor.o
        36          8          0          0          0        949   rtx_config.o
         0          0        260       4940          0       9178   rtx_lib.o
        56         30        192          0        256        852   startup_mkl25z4.o
       712         84          0          4          0       1627   system_mkl25z4.o
       650         58          0          8        536      14030   uart.o

    ----------------------------------------------------------------------
      3592        416        604       4980        792     258709   Object Totals
         0          0         32          0          0          0   (incl. Generated)
         4          0          2          4          0          0   (incl. Padding)

    ----------------------------------------------------------------------

      Code (inc. data)   RO Data    RW Data    ZI Data      Debug   Library Member Name

       164          8          0          0          0        496   irq_cm0.o
       138         32          0          0          1       2766   os_systick.o
        58          4          0          0          0       2753   rtx_delay.o
       538         36         11        164          0      16105   rtx_kernel.o
       252          0          0          0          0       2564   rtx_memory.o
       166          0          0          0          0      14282   rtx_mempool.o
      1568         44          0          0          0      17889   rtx_msgqueue.o
        68          0          0          0          0       9201   rtx_mutex.o
       558         28          0          0          0      10054   rtx_semaphore.o
       352         26          0          0          0       4635   rtx_system.o
      1892        108          0          0          0      30867   rtx_thread.o
       232         20          0          0          0      10018   rtx_timer.o
        58          0          0          0          0          0   __dczerorl.o
         0          0          0          0          0          0   entry.o
         0          0          0          0          0          0   entry10a.o
         0          0          0          0          0          0   entry11a.o
         8          4          0          0          0          0   entry2.o
         4          0          0          0          0          0   entry5.o
         0          0          0          0          0          0   entry7b.o
         0          0          0          0          0          0   entry8b.o
         8          4          0          0          0          0   entry9a.o
        30          0          0          0          0          0   handlers.o
        36          8          0          0          0         68   init.o
         0          0          0          0          0          0   iusefp.o
        32          0          0          0          0         68   llshl.o
        38          0          0          0          0         68   llsshr.o
        34          0          0          0          0         68   llushr.o
        36          0          0          0          0         60   memcpya.o
        36          0          0          0          0        100   memseta.o
        44          0          0          0          0         72   uidiv.o
        20          0          0          0          0         68   cfcmple.o
        20          0          0          0          0         68   cfrcmple.o
        56          0          0          0          0         68   d2f.o
       356          4          0          0          0        140   dadd.o
       240          6          0          0          0         84   ddiv.o
       236          0          0          0          0        216   depilogue.o
        72         10          0          0          0         72   dfixi.o
        60         10          0          0          0         68   dfixui.o
        40          6          0          0          0         68   dflti.o
       208          6          0          0          0         88   dmul.o
       178          0          0          0          0        108   fadd.o
       130          0          0          0          0        144   fepilogue.o
        50          0          0          0          0         60   ffixi.o

    ----------------------------------------------------------------------
      8032        364         12        164          8     123386   Library Totals
        16          0          1          0          7          0   (incl. Padding)

    ----------------------------------------------------------------------

      Code (inc. data)   RO Data    RW Data    ZI Data      Debug   Library Name

      5986        306         11        164          1     121630   RTX_CM0.lib
       364         16          0          0          0        504   mc_p.l
      1666         42          0          0          0       1252   mf_p.l

    ----------------------------------------------------------------------
      8032        364         12        164          8     123386   Library Totals

    ----------------------------------------------------------------------

==============================================================================


      Code (inc. data)   RO Data    RW Data    ZI Data      Debug   

     11624        780        616       5144        800     380067   Grand Totals
     11624        780        616         52        800     380067   ELF Image Totals (compressed)
     11624        780        616         52          0          0   ROM Totals

==============================================================================

    Total RO  Size (Code + RO Data)                12240 (  11.95kB)
    Total RW  Size (RW Data + ZI Data)              5944 (   5.80kB)
    Total ROM Size (Code + RO Data + RW Data)      12292 (  12.00kB)

==============================================================================

